Archive member included to satisfy reference by file (symbol)

c:/progra~2/gnuarm~1/102021~1.10/bin/../lib/gcc/arm-none-eabi/10.3.1/thumb/v6-m/nofp\libgcc.a(_dvmd_tls.o)
                              CMakeFiles/dev_hid_composite.dir/C_/pico-sdk/src/rp2_common/pico_divider/divider_hardware.S.obj (__aeabi_idiv0)
c:/progra~2/gnuarm~1/102021~1.10/bin/../lib/gcc/arm-none-eabi/10.3.1/../../../../arm-none-eabi/lib/thumb/v6-m/nofp\libg.a(lib_a-calloc.o)
                              CMakeFiles/dev_hid_composite.dir/C_/pico-sdk/src/rp2_common/pico_malloc/malloc.c.obj (calloc)
c:/progra~2/gnuarm~1/102021~1.10/bin/../lib/gcc/arm-none-eabi/10.3.1/../../../../arm-none-eabi/lib/thumb/v6-m/nofp\libg.a(lib_a-callocr.o)
                              c:/progra~2/gnuarm~1/102021~1.10/bin/../lib/gcc/arm-none-eabi/10.3.1/../../../../arm-none-eabi/lib/thumb/v6-m/nofp\libg.a(lib_a-calloc.o) (_calloc_r)
c:/progra~2/gnuarm~1/102021~1.10/bin/../lib/gcc/arm-none-eabi/10.3.1/../../../../arm-none-eabi/lib/thumb/v6-m/nofp\libg.a(lib_a-errno.o)
                              c:/progra~2/gnuarm~1/102021~1.10/bin/../lib/gcc/arm-none-eabi/10.3.1/../../../../arm-none-eabi/lib/thumb/v6-m/nofp\libg.a(lib_a-callocr.o) (__errno)
c:/progra~2/gnuarm~1/102021~1.10/bin/../lib/gcc/arm-none-eabi/10.3.1/../../../../arm-none-eabi/lib/thumb/v6-m/nofp\libg.a(lib_a-impure.o)
                              c:/progra~2/gnuarm~1/102021~1.10/bin/../lib/gcc/arm-none-eabi/10.3.1/../../../../arm-none-eabi/lib/thumb/v6-m/nofp\libg.a(lib_a-calloc.o) (_impure_ptr)
c:/progra~2/gnuarm~1/102021~1.10/bin/../lib/gcc/arm-none-eabi/10.3.1/../../../../arm-none-eabi/lib/thumb/v6-m/nofp\libg.a(lib_a-init.o)
                              c:/progra~2/gnuarm~1/102021~1.10/bin/../lib/gcc/arm-none-eabi/10.3.1/../../../../arm-none-eabi/lib/thumb/v6-m/nofp/crt0.o (__libc_init_array)
c:/progra~2/gnuarm~1/102021~1.10/bin/../lib/gcc/arm-none-eabi/10.3.1/../../../../arm-none-eabi/lib/thumb/v6-m/nofp\libg.a(lib_a-lcltime_r.o)
                              CMakeFiles/dev_hid_composite.dir/C_/pico-sdk/src/common/pico_util/datetime.c.obj (localtime_r)
c:/progra~2/gnuarm~1/102021~1.10/bin/../lib/gcc/arm-none-eabi/10.3.1/../../../../arm-none-eabi/lib/thumb/v6-m/nofp\libg.a(lib_a-malloc.o)
                              CMakeFiles/dev_hid_composite.dir/C_/pico-sdk/src/rp2_common/pico_malloc/malloc.c.obj (malloc)
c:/progra~2/gnuarm~1/102021~1.10/bin/../lib/gcc/arm-none-eabi/10.3.1/../../../../arm-none-eabi/lib/thumb/v6-m/nofp\libg.a(lib_a-mallocr.o)
                              c:/progra~2/gnuarm~1/102021~1.10/bin/../lib/gcc/arm-none-eabi/10.3.1/../../../../arm-none-eabi/lib/thumb/v6-m/nofp\libg.a(lib_a-callocr.o) (_malloc_r)
c:/progra~2/gnuarm~1/102021~1.10/bin/../lib/gcc/arm-none-eabi/10.3.1/../../../../arm-none-eabi/lib/thumb/v6-m/nofp\libg.a(lib_a-memcmp.o)
                              CMakeFiles/dev_hid_composite.dir/C_/pico-sdk/src/rp2_common/pico_atomic/atomic.c.obj (memcmp)
c:/progra~2/gnuarm~1/102021~1.10/bin/../lib/gcc/arm-none-eabi/10.3.1/../../../../arm-none-eabi/lib/thumb/v6-m/nofp\libg.a(lib_a-mktime.o)
                              CMakeFiles/dev_hid_composite.dir/C_/pico-sdk/src/common/pico_util/datetime.c.obj (mktime)
c:/progra~2/gnuarm~1/102021~1.10/bin/../lib/gcc/arm-none-eabi/10.3.1/../../../../arm-none-eabi/lib/thumb/v6-m/nofp\libg.a(lib_a-mlock.o)
                              c:/progra~2/gnuarm~1/102021~1.10/bin/../lib/gcc/arm-none-eabi/10.3.1/../../../../arm-none-eabi/lib/thumb/v6-m/nofp\libg.a(lib_a-mallocr.o) (__malloc_lock)
c:/progra~2/gnuarm~1/102021~1.10/bin/../lib/gcc/arm-none-eabi/10.3.1/../../../../arm-none-eabi/lib/thumb/v6-m/nofp\libg.a(lib_a-month_lengths.o)
                              c:/progra~2/gnuarm~1/102021~1.10/bin/../lib/gcc/arm-none-eabi/10.3.1/../../../../arm-none-eabi/lib/thumb/v6-m/nofp\libg.a(lib_a-lcltime_r.o) (__month_lengths)
c:/progra~2/gnuarm~1/102021~1.10/bin/../lib/gcc/arm-none-eabi/10.3.1/../../../../arm-none-eabi/lib/thumb/v6-m/nofp\libg.a(lib_a-realloc.o)
                              CMakeFiles/dev_hid_composite.dir/C_/pico-sdk/src/rp2_common/pico_malloc/malloc.c.obj (realloc)
c:/progra~2/gnuarm~1/102021~1.10/bin/../lib/gcc/arm-none-eabi/10.3.1/../../../../arm-none-eabi/lib/thumb/v6-m/nofp\libg.a(lib_a-reallocr.o)
                              c:/progra~2/gnuarm~1/102021~1.10/bin/../lib/gcc/arm-none-eabi/10.3.1/../../../../arm-none-eabi/lib/thumb/v6-m/nofp\libg.a(lib_a-realloc.o) (_realloc_r)
c:/progra~2/gnuarm~1/102021~1.10/bin/../lib/gcc/arm-none-eabi/10.3.1/../../../../arm-none-eabi/lib/thumb/v6-m/nofp\libg.a(lib_a-sbrkr.o)
                              c:/progra~2/gnuarm~1/102021~1.10/bin/../lib/gcc/arm-none-eabi/10.3.1/../../../../arm-none-eabi/lib/thumb/v6-m/nofp\libg.a(lib_a-mallocr.o) (_sbrk_r)
c:/progra~2/gnuarm~1/102021~1.10/bin/../lib/gcc/arm-none-eabi/10.3.1/../../../../arm-none-eabi/lib/thumb/v6-m/nofp\libg.a(lib_a-strlen-stub.o)
                              CMakeFiles/dev_hid_composite.dir/usb_descriptors.c.obj (strlen)
[...]
Memory Configuration

Name             Origin             Length             Attributes
FLASH            0x10000000         0x00200000         xr
RAM              0x20000000         0x00040000         xrw
SCRATCH_X        0x20040000         0x00001000         xrw
SCRATCH_Y        0x20041000         0x00001000         xrw
*default*        0x00000000         0xffffffff

Linker script and memory map

LOAD c:/progra~2/gnuarm~1/102021~1.10/bin/../lib/gcc/arm-none-eabi/10.3.1/thumb/v6-m/nofp/crti.o
LOAD c:/progra~2/gnuarm~1/102021~1.10/bin/../lib/gcc/arm-none-eabi/10.3.1/thumb/v6-m/nofp/crtbegin.o
LOAD c:/progra~2/gnuarm~1/102021~1.10/bin/../lib/gcc/arm-none-eabi/10.3.1/../../../../arm-none-eabi/lib/thumb/v6-m/nofp/crt0.o

.flash_begin    0x10000000        0x0
                0x10000000                __flash_binary_start = .

.boot2          0x10000000      0x100
                0x10000000                __boot2_start__ = .
 *(.boot2)
 .boot2         0x10000000      0x100 pico-sdk/src/rp2040/boot_stage2/CMakeFiles/bs2_default_library.dir/./bs2_default_padded_checksummed.S.obj
                0x10000100                __boot2_end__ = .
                0x00000001                ASSERT (((__boot2_end__ - __boot2_start__) == 0x100), ERROR: Pico second stage bootloader must be 256 bytes in size)

.text           0x10000100     0x40f0
                0x10000100                __logical_binary_start = .
 *(.vectors)
 .vectors       0x10000100       0xd4 CMakeFiles/dev_hid_composite.dir/C_/pico-sdk/src/rp2_common/pico_crt0/crt0.S.obj
                0x10000100                __VECTOR_TABLE
                0x10000100                __vectors
                0x100001c0                isr_irq13
                0x100001c0                isr_irq27
                0x100001c0                isr_irq31
                0x100001c0                isr_irq12
                0x100001c0                isr_irq5
                0x100001c0                isr_irq11
                0x100001c0                isr_irq3
                0x100001c0                isr_irq23
                0x100001c0                __unhandled_user_irq
                0x100001c0                isr_irq26
                0x100001c0                isr_irq28
                0x100001c0                isr_irq19
                0x100001c0                isr_irq0
                0x100001c0                isr_irq6
                0x100001c0                isr_irq29
                0x100001c0                isr_irq16
                0x100001c0                isr_irq22
                0x100001c0                isr_irq18
                0x100001c0                isr_irq17
                0x100001c0                isr_irq14
                0x100001c0                __vectors_end
                0x100001c0                __default_isrs_start
                0x100001c0                isr_irq2
                0x100001c0                isr_irq10
                0x100001c0                isr_irq8
                0x100001c0                isr_irq24
                0x100001c0                isr_irq1
                0x100001c0                isr_irq7
                0x100001c0                isr_irq21
                0x100001c0                isr_irq20
                0x100001c0                isr_irq15
                0x100001c0                isr_irq25
                0x100001c0                isr_irq4
                0x100001c0                isr_irq30
                0x100001c0                isr_irq9
                0x100001c6                unhandled_user_irq_num_in_r0
                0x100001c8                isr_invalid
                0x100001ca                isr_nmi
                0x100001cc                isr_hardfault
                0x100001ce                isr_svcall
                0x100001d0                isr_pendsv
                0x100001d2                isr_systick
                0x100001d4                __default_isrs_end
 *(.binary_info_header)
 .binary_info_header
                0x100001d4       0x14 CMakeFiles/dev_hid_composite.dir/C_/pico-sdk/src/rp2_common/pico_crt0/crt0.S.obj
                0x100001e8                __binary_info_header_end = .
 *(.embedded_block)
                0x100001e8                __embedded_block_end = .
 *(.reset)
 .reset         0x100001e8       0x9c CMakeFiles/dev_hid_composite.dir/C_/pico-sdk/src/rp2_common/pico_crt0/crt0.S.obj
                0x100001e8                _entry_point
 *(.init)
 .init          0x10000284        0x4 c:/progra~2/gnuarm~1/102021~1.10/bin/../lib/gcc/arm-none-eabi/10.3.1/thumb/v6-m/nofp/crti.o
                0x10000284                _init
 *(EXCLUDE_FILE(*libm.a: *libc.a:*lib_a-mem*.o *libgcc.a:) .text*)
 .text          0x10000288       0x48 c:/progra~2/gnuarm~1/102021~1.10/bin/../lib/gcc/arm-none-eabi/10.3.1/thumb/v6-m/nofp/crtbegin.o
 .text._ZN8KeyBoardD2Ev
                0x100002d0        0x4 CMakeFiles/dev_hid_composite.dir/main.cpp.obj
                0x100002d0                KeyBoard::~KeyBoard()
                0x100002d0                KeyBoard::~KeyBoard()
 .text._ZN8KeyBoardD0Ev
                0x100002d4       0x10 CMakeFiles/dev_hid_composite.dir/main.cpp.obj
                0x100002d4                KeyBoard::~KeyBoard()
 .text._Z8hid_taskv
                0x100002e4      0x100 CMakeFiles/dev_hid_composite.dir/main.cpp.obj
                0x100002e4                hid_task()
 .text.startup.main
                0x100003e4       0x70 CMakeFiles/dev_hid_composite.dir/main.cpp.obj
                0x100003e4                main
 .text.tud_hid_get_report_cb
                0x10000454        0x4 CMakeFiles/dev_hid_composite.dir/main.cpp.obj
                0x10000454                tud_hid_get_report_cb
 .text.tud_hid_set_report_cb
                0x10000458       0x3c CMakeFiles/dev_hid_composite.dir/main.cpp.obj
                0x10000458                tud_hid_set_report_cb
 .text.tud_mount_cb
                0x10000494       0x10 CMakeFiles/dev_hid_composite.dir/main.cpp.obj
                0x10000494                tud_mount_cb
 .text.tud_umount_cb
                0x100004a4        0xc CMakeFiles/dev_hid_composite.dir/main.cpp.obj
                0x100004a4                tud_umount_cb
 .text.tud_suspend_cb
                0x100004b0       0x10 CMakeFiles/dev_hid_composite.dir/main.cpp.obj
                0x100004b0                tud_suspend_cb
 .text.tud_resume_cb
                0x100004c0       0x10 CMakeFiles/dev_hid_composite.dir/main.cpp.obj
                0x100004c0                tud_resume_cb
 .text.startup._GLOBAL__sub_I_keyboard
                0x100004d0       0x50 CMakeFiles/dev_hid_composite.dir/main.cpp.obj
 .text.tud_descriptor_device_cb
                0x10000520        0x8 CMakeFiles/dev_hid_composite.dir/usb_descriptors.c.obj
                0x10000520                tud_descriptor_device_cb
 .text.tud_hid_descriptor_report_cb
                0x10000528        0x8 CMakeFiles/dev_hid_composite.dir/usb_descriptors.c.obj
                0x10000528                tud_hid_descriptor_report_cb
 .text.tud_descriptor_configuration_cb
                0x10000530        0x8 CMakeFiles/dev_hid_composite.dir/usb_descriptors.c.obj
                0x10000530                tud_descriptor_configuration_cb
 .text.tud_descriptor_string_cb
                0x10000538      0x150 CMakeFiles/dev_hid_composite.dir/usb_descriptors.c.obj
                0x10000538                tud_descriptor_string_cb
 .text.gpio_set_function
                0x10000688       0x34 CMakeFiles/dev_hid_composite.dir/C_/pico-sdk/src/rp2_common/hardware_gpio/gpio.c.obj
                0x10000688                gpio_set_function
 .text.gpio_set_pulls
                0x100006bc       0x34 CMakeFiles/dev_hid_composite.dir/C_/pico-sdk/src/rp2_common/hardware_gpio/gpio.c.obj
                0x100006bc                gpio_set_pulls
 .text.gpio_init
                0x100006f0       0x40 CMakeFiles/dev_hid_composite.dir/C_/pico-sdk/src/rp2_common/hardware_gpio/gpio.c.obj
                0x100006f0                gpio_init
 .text.rp2040_chip_version
                0x10000730        0xc CMakeFiles/dev_hid_composite.dir/C_/pico-sdk/src/rp2040/pico_platform/platform.c.obj
                0x10000730                rp2040_chip_version
 .text.panic    0x1000073c       0x30 CMakeFiles/dev_hid_composite.dir/C_/pico-sdk/src/rp2_common/pico_platform_panic/panic.c.obj
                0x1000073c                panic
 .text.hw_claim_or_assert
                0x1000076c       0x44 CMakeFiles/dev_hid_composite.dir/C_/pico-sdk/src/common/hardware_claim/claim.c.obj
                0x1000076c                hw_claim_or_assert
 .text.hw_claim_unused_from_range
                0x100007b0       0x9c CMakeFiles/dev_hid_composite.dir/C_/pico-sdk/src/common/hardware_claim/claim.c.obj
                0x100007b0                hw_claim_unused_from_range
 .text.next_striped_spin_lock_num
                0x1000084c       0x18 CMakeFiles/dev_hid_composite.dir/C_/pico-sdk/src/rp2_common/hardware_sync/sync.c.obj
                0x1000084c                next_striped_spin_lock_num
 .text.spin_lock_claim_unused
                0x10000864       0x20 CMakeFiles/dev_hid_composite.dir/C_/pico-sdk/src/rp2_common/hardware_sync/sync.c.obj
                0x10000864                spin_lock_claim_unused
 .text.spin_locks_reset
                0x10000884       0x1c CMakeFiles/dev_hid_composite.dir/C_/pico-sdk/src/rp2_common/hardware_sync_spin_lock/sync_spin_lock.c.obj
                0x10000884                spin_locks_reset
 .text.runtime_init_per_core_irq_priorities
                0x100008a0       0x24 CMakeFiles/dev_hid_composite.dir/C_/pico-sdk/src/rp2_common/hardware_irq/irq.c.obj
                0x100008a0                runtime_init_per_core_irq_priorities
 .text.irq_set_enabled
                0x100008c4       0x24 CMakeFiles/dev_hid_composite.dir/C_/pico-sdk/src/rp2_common/hardware_irq/irq.c.obj
                0x100008c4                irq_set_enabled
 .text.irq_set_exclusive_handler
                0x100008e8       0x54 CMakeFiles/dev_hid_composite.dir/C_/pico-sdk/src/rp2_common/hardware_irq/irq.c.obj
                0x100008e8                irq_set_exclusive_handler
 .text.irq_add_shared_handler
                0x1000093c      0x1e8 CMakeFiles/dev_hid_composite.dir/C_/pico-sdk/src/rp2_common/hardware_irq/irq.c.obj
                0x1000093c                irq_add_shared_handler
 .text.irq_remove_handler
                0x10000b24      0x1c4 CMakeFiles/dev_hid_composite.dir/C_/pico-sdk/src/rp2_common/hardware_irq/irq.c.obj
                0x10000b24                irq_remove_handler
 .text.irq_add_tail_to_free_list
                0x10000ce8       0xb4 CMakeFiles/dev_hid_composite.dir/C_/pico-sdk/src/rp2_common/hardware_irq/irq.c.obj
                0x10000ce8                irq_add_tail_to_free_list
 .text.lock_init
                0x10000d9c       0x10 CMakeFiles/dev_hid_composite.dir/C_/pico-sdk/src/common/pico_sync/lock_core.c.obj
                0x10000d9c                lock_init
 .text.runtime_init_mutex
                0x10000dac       0x58 CMakeFiles/dev_hid_composite.dir/C_/pico-sdk/src/common/pico_sync/mutex.c.obj
                0x10000dac                runtime_init_mutex
 .text.mutex_init
                0x10000e04       0x1c CMakeFiles/dev_hid_composite.dir/C_/pico-sdk/src/common/pico_sync/mutex.c.obj
                0x10000e04                mutex_init
 .text.critical_section_init
                0x10000e20       0x20 CMakeFiles/dev_hid_composite.dir/C_/pico-sdk/src/common/pico_sync/critical_section.c.obj
                0x10000e20                critical_section_init
 .text.sleep_until_callback
                0x10000e40       0x30 CMakeFiles/dev_hid_composite.dir/C_/pico-sdk/src/common/pico_time/time.c.obj
 .text.alarm_pool_irq_handler
                0x10000e70      0x308 CMakeFiles/dev_hid_composite.dir/C_/pico-sdk/src/common/pico_time/time.c.obj
 .text.runtime_init_default_alarm_pool
                0x10001178       0xdc CMakeFiles/dev_hid_composite.dir/C_/pico-sdk/src/common/pico_time/time.c.obj
                0x10001178                runtime_init_default_alarm_pool
 .text.alarm_pool_add_alarm_at_force_in_context
                0x10001254       0xb0 CMakeFiles/dev_hid_composite.dir/C_/pico-sdk/src/common/pico_time/time.c.obj
                0x10001254                alarm_pool_add_alarm_at_force_in_context
 .text.alarm_pool_cancel_alarm
                0x10001304       0x7c CMakeFiles/dev_hid_composite.dir/C_/pico-sdk/src/common/pico_time/time.c.obj
                0x10001304                alarm_pool_cancel_alarm
 .text.best_effort_wfe_or_timeout
                0x10001380       0xfc CMakeFiles/dev_hid_composite.dir/C_/pico-sdk/src/common/pico_time/time.c.obj
                0x10001380                best_effort_wfe_or_timeout
 .text.timer_hardware_alarm_claim
                0x1000147c       0x14 CMakeFiles/dev_hid_composite.dir/C_/pico-sdk/src/rp2_common/hardware_timer/timer.c.obj
                0x1000147c                timer_hardware_alarm_claim
 .text.timer_time_us_64
                0x10001490       0x10 CMakeFiles/dev_hid_composite.dir/C_/pico-sdk/src/rp2_common/hardware_timer/timer.c.obj
                0x10001490                timer_time_us_64
 .text.time_us_64
                0x100014a0       0x14 CMakeFiles/dev_hid_composite.dir/C_/pico-sdk/src/rp2_common/hardware_timer/timer.c.obj
                0x100014a0                time_us_64
 .text.busy_wait_us
                0x100014b4       0x54 CMakeFiles/dev_hid_composite.dir/C_/pico-sdk/src/rp2_common/hardware_timer/timer.c.obj
                0x100014b4                busy_wait_us
 .text.uart_init
                0x10001508      0x11c CMakeFiles/dev_hid_composite.dir/C_/pico-sdk/src/rp2_common/hardware_uart/uart.c.obj
                0x10001508                uart_init
 .text.clock_configure_int_divider
                0x10001624       0xf4 CMakeFiles/dev_hid_composite.dir/C_/pico-sdk/src/rp2_common/hardware_clocks/clocks.c.obj
                0x10001624                clock_configure_int_divider
 .text.clock_configure_undivided
                0x10001718       0xe8 CMakeFiles/dev_hid_composite.dir/C_/pico-sdk/src/rp2_common/hardware_clocks/clocks.c.obj
                0x10001718                clock_configure_undivided
 .text.clock_get_hz
                0x10001800        0xc CMakeFiles/dev_hid_composite.dir/C_/pico-sdk/src/rp2_common/hardware_clocks/clocks.c.obj
                0x10001800                clock_get_hz
 .text.pll_init
                0x1000180c       0xa0 CMakeFiles/dev_hid_composite.dir/C_/pico-sdk/src/rp2_common/hardware_pll/pll.c.obj
                0x1000180c                pll_init
 .text.tick_start
                0x100018ac       0x10 CMakeFiles/dev_hid_composite.dir/C_/pico-sdk/src/rp2_common/hardware_ticks/ticks.c.obj
                0x100018ac                tick_start
 .text.rom_func_lookup
                0x100018bc       0x10 CMakeFiles/dev_hid_composite.dir/C_/pico-sdk/src/rp2_common/pico_bootrom/bootrom.c.obj
                0x100018bc                rom_func_lookup
 .text.rom_data_lookup
                0x100018cc       0x10 CMakeFiles/dev_hid_composite.dir/C_/pico-sdk/src/rp2_common/pico_bootrom/bootrom.c.obj
                0x100018cc                rom_data_lookup
 .text.rom_funcs_lookup
                0x100018dc       0x44 CMakeFiles/dev_hid_composite.dir/C_/pico-sdk/src/rp2_common/pico_bootrom/bootrom.c.obj
                0x100018dc                rom_funcs_lookup
 .text.xosc_init
                0x10001920       0x28 CMakeFiles/dev_hid_composite.dir/C_/pico-sdk/src/rp2_common/hardware_xosc/xosc.c.obj
                0x10001920                xosc_init
 .text.first_per_core_initializer
                0x10001948        0x4 CMakeFiles/dev_hid_composite.dir/C_/pico-sdk/src/rp2_common/pico_runtime/runtime.c.obj
 .text.hard_assertion_failure
                0x1000194c        0xc CMakeFiles/dev_hid_composite.dir/C_/pico-sdk/src/rp2_common/pico_runtime/runtime.c.obj
                0x1000194c                hard_assertion_failure
 .text.runtime_run_initializers
                0x10001958       0x28 CMakeFiles/dev_hid_composite.dir/C_/pico-sdk/src/rp2_common/pico_runtime/runtime.c.obj
                0x10001958                runtime_run_initializers
 .text.runtime_init_early_resets
                0x10001980       0x2c CMakeFiles/dev_hid_composite.dir/C_/pico-sdk/src/rp2_common/pico_runtime_init/runtime_init.c.obj
                0x10001980                runtime_init_early_resets
 .text.runtime_init_usb_power_down
                0x100019ac       0x1c CMakeFiles/dev_hid_composite.dir/C_/pico-sdk/src/rp2_common/pico_runtime_init/runtime_init.c.obj
                0x100019ac                runtime_init_usb_power_down
 .text.runtime_init_post_clock_resets
                0x100019c8       0x20 CMakeFiles/dev_hid_composite.dir/C_/pico-sdk/src/rp2_common/pico_runtime_init/runtime_init.c.obj
                0x100019c8                runtime_init_post_clock_resets
 .text.runtime_init_rp2040_gpio_ie_disable
                0x100019e8       0x14 CMakeFiles/dev_hid_composite.dir/C_/pico-sdk/src/rp2_common/pico_runtime_init/runtime_init.c.obj
                0x100019e8                runtime_init_rp2040_gpio_ie_disable
 .text.runtime_init_spin_locks_reset
                0x100019fc        0x8 CMakeFiles/dev_hid_composite.dir/C_/pico-sdk/src/rp2_common/pico_runtime_init/runtime_init.c.obj
                0x100019fc                runtime_init_spin_locks_reset
 .text.runtime_init_install_ram_vector_table
                0x10001a04       0xcc CMakeFiles/dev_hid_composite.dir/C_/pico-sdk/src/rp2_common/pico_runtime_init/runtime_init.c.obj
                0x10001a04                runtime_init_install_ram_vector_table
 .text.runtime_init_clocks
                0x10001ad0       0xd8 CMakeFiles/dev_hid_composite.dir/C_/pico-sdk/src/rp2_common/pico_runtime_init/runtime_init_clocks.c.obj
                0x10001ad0                runtime_init_clocks
 .text          0x10001ba8       0x10 CMakeFiles/dev_hid_composite.dir/C_/pico-sdk/src/rp2_common/pico_bit_ops/bit_ops_aeabi.S.obj
 .text.__wrap___aeabi_uidiv
                0x10001bb8       0x4c CMakeFiles/dev_hid_composite.dir/C_/pico-sdk/src/rp2_common/pico_divider/divider_hardware.S.obj
                0x10001bb8                __wrap___aeabi_uidiv
                0x10001bb8                __wrap___aeabi_uidivmod
                0x10001bb8                div_u32u32
                0x10001bb8                divmod_u32u32
                0x10001bc0                divmod_u32u32_unsafe
                0x10001be8                divmod_u32u32_savestate
 .text.__wrap___aeabi_ldiv
                0x10001c04      0x424 CMakeFiles/dev_hid_composite.dir/C_/pico-sdk/src/rp2_common/pico_divider/divider_hardware.S.obj
                0x10001c04                div_s64s64
                0x10001c04                divmod_s64s64
                0x10001c04                __wrap___aeabi_ldivmod
                0x10001c34                divmod_u64u64
                0x10001c34                div_u64u64
                0x10001c34                __wrap___aeabi_uldivmod
                0x10001c44                divmod_u64u64_savestate
                0x10001c64                divmod_s64s64_unsafe
                0x10001cec                divmod_u64u64_unsafe
 .text.__aeabi_double_init
                0x10002028       0xa0 CMakeFiles/dev_hid_composite.dir/C_/pico-sdk/src/rp2_common/pico_double/double_init_rom_rp2040.c.obj
                0x10002028                __aeabi_double_init
 .text.double_table_shim_on_use_helper
                0x100020c8       0x2c CMakeFiles/dev_hid_composite.dir/C_/pico-sdk/src/rp2_common/pico_double/double_v1_rom_shim_rp2040.S.obj
                0x100020c8                double_table_shim_on_use_helper
 .text.__aeabi_lmul
                0x100020f4       0x32 CMakeFiles/dev_hid_composite.dir/C_/pico-sdk/src/rp2_common/pico_int64_ops/pico_int64_ops_aeabi.S.obj
                0x100020f4                __wrap___aeabi_lmul
 *fill*         0x10002126        0x2 
 .text.__aeabi_float_init
                0x10002128       0x64 CMakeFiles/dev_hid_composite.dir/C_/pico-sdk/src/rp2_common/pico_float/float_init_rom_rp2040.c.obj
                0x10002128                __aeabi_float_init
 .text.float_table_shim_on_use_helper
                0x1000218c       0x2c CMakeFiles/dev_hid_composite.dir/C_/pico-sdk/src/rp2_common/pico_float/float_v1_rom_shim_rp2040.S.obj
                0x1000218c                float_table_shim_on_use_helper
 .text.__wrap_free
                0x100021b8        0x8 CMakeFiles/dev_hid_composite.dir/C_/pico-sdk/src/rp2_common/pico_malloc/malloc.c.obj
                0x100021b8                __wrap_free
 .text          0x100021c0       0x10 CMakeFiles/dev_hid_composite.dir/C_/pico-sdk/src/rp2_common/pico_mem_ops/mem_ops_aeabi.S.obj
                0x100021c0                __aeabi_mem_init
 .text.memset   0x100021d0        0xc CMakeFiles/dev_hid_composite.dir/C_/pico-sdk/src/rp2_common/pico_mem_ops/mem_ops_aeabi.S.obj
                0x100021d0                __wrap_memset
 .text.memcpy   0x100021dc        0xc CMakeFiles/dev_hid_composite.dir/C_/pico-sdk/src/rp2_common/pico_mem_ops/mem_ops_aeabi.S.obj
                0x100021dc                __wrap_memcpy
                0x100021dc                __wrap___aeabi_memcpy
 .text._ZdlPvj  0x100021e8        0x8 CMakeFiles/dev_hid_composite.dir/C_/pico-sdk/src/rp2_common/pico_cxx_options/new_delete.cpp.obj
                0x100021e8                operator delete(void*, unsigned int)
 .text._out_char
                0x100021f0       0x10 CMakeFiles/dev_hid_composite.dir/C_/pico-sdk/src/rp2_common/pico_printf/printf.c.obj
 .text.weak_raw_vprintf
                0x10002200       0x30 CMakeFiles/dev_hid_composite.dir/C_/pico-sdk/src/rp2_common/pico_printf/printf.c.obj
                0x10002200                weak_raw_vprintf
 .text._exit    0x10002230        0x4 CMakeFiles/dev_hid_composite.dir/C_/pico-sdk/src/rp2_common/pico_clib_interface/newlib_interface.c.obj
                0x10002230                _exit
 .text._sbrk    0x10002234       0x34 CMakeFiles/dev_hid_composite.dir/C_/pico-sdk/src/rp2_common/pico_clib_interface/newlib_interface.c.obj
                0x10002234                _sbrk
 .text.exit     0x10002268        0x8 CMakeFiles/dev_hid_composite.dir/C_/pico-sdk/src/rp2_common/pico_clib_interface/newlib_interface.c.obj
                0x10002268                exit
 .text.runtime_init
                0x10002270       0x2c CMakeFiles/dev_hid_composite.dir/C_/pico-sdk/src/rp2_common/pico_clib_interface/newlib_interface.c.obj
                0x10002270                runtime_init
 .text.stdio_out_chars_no_crlf
                0x1000229c       0x10 CMakeFiles/dev_hid_composite.dir/C_/pico-sdk/src/rp2_common/pico_stdio/stdio.c.obj
 .text.stdio_out_chars_crlf
                0x100022ac       0xb4 CMakeFiles/dev_hid_composite.dir/C_/pico-sdk/src/rp2_common/pico_stdio/stdio.c.obj
 .text.stdio_put_string
                0x10002360      0x100 CMakeFiles/dev_hid_composite.dir/C_/pico-sdk/src/rp2_common/pico_stdio/stdio.c.obj
                0x10002360                stdio_put_string
 .text.stdio_set_driver_enabled
                0x10002460       0x30 CMakeFiles/dev_hid_composite.dir/C_/pico-sdk/src/rp2_common/pico_stdio/stdio.c.obj
                0x10002460                stdio_set_driver_enabled
 .text.__wrap_putchar
                0x10002490       0x98 CMakeFiles/dev_hid_composite.dir/C_/pico-sdk/src/rp2_common/pico_stdio/stdio.c.obj
                0x10002490                __wrap_putchar
                0x10002490                stdio_putchar
 .text.__wrap_puts
                0x10002528       0x3c CMakeFiles/dev_hid_composite.dir/C_/pico-sdk/src/rp2_common/pico_stdio/stdio.c.obj
                0x10002528                stdio_puts
                0x10002528                __wrap_puts
 .text.stdio_uart_out_chars
                0x10002564       0x4c CMakeFiles/dev_hid_composite.dir/C_/pico-sdk/src/rp2_common/pico_stdio_uart/stdio_uart.c.obj
 .text.stdio_uart_in_chars
                0x100025b0       0x84 CMakeFiles/dev_hid_composite.dir/C_/pico-sdk/src/rp2_common/pico_stdio_uart/stdio_uart.c.obj
                0x100025b0                stdio_uart_in_chars
 .text.on_uart_rx
                0x10002634       0x28 CMakeFiles/dev_hid_composite.dir/C_/pico-sdk/src/rp2_common/pico_stdio_uart/stdio_uart.c.obj
 .text.stdio_uart_out_flush
                0x1000265c       0x14 CMakeFiles/dev_hid_composite.dir/C_/pico-sdk/src/rp2_common/pico_stdio_uart/stdio_uart.c.obj
 .text.stdio_uart_set_chars_available_callback
                0x10002670       0x88 CMakeFiles/dev_hid_composite.dir/C_/pico-sdk/src/rp2_common/pico_stdio_uart/stdio_uart.c.obj
 .text.stdio_uart_init_full
                0x100026f8       0x3c CMakeFiles/dev_hid_composite.dir/C_/pico-sdk/src/rp2_common/pico_stdio_uart/stdio_uart.c.obj
                0x100026f8                stdio_uart_init_full
 .text.startup._retrieve_unique_id_on_boot
                0x10002734       0x10 CMakeFiles/dev_hid_composite.dir/C_/pico-sdk/src/rp2_common/pico_unique_id/unique_id.c.obj
 .text.pico_get_unique_board_id
                0x10002744       0x10 CMakeFiles/dev_hid_composite.dir/C_/pico-sdk/src/rp2_common/pico_unique_id/unique_id.c.obj
                0x10002744                pico_get_unique_board_id
 .text.flash_get_unique_id
                0x10002754       0x40 CMakeFiles/dev_hid_composite.dir/C_/pico-sdk/src/rp2_common/hardware_flash/flash.c.obj
                0x10002754                flash_get_unique_id
 .text.dcd_init
                0x10002794       0x90 CMakeFiles/dev_hid_composite.dir/C_/pico-sdk/lib/tinyusb/src/portable/raspberrypi/rp2040/dcd_rp2040.c.obj
                0x10002794                dcd_init
 .text.dcd_int_enable
                0x10002824        0xc CMakeFiles/dev_hid_composite.dir/C_/pico-sdk/lib/tinyusb/src/portable/raspberrypi/rp2040/dcd_rp2040.c.obj
                0x10002824                dcd_int_enable
 .text.dcd_set_address
                0x10002830       0x14 CMakeFiles/dev_hid_composite.dir/C_/pico-sdk/lib/tinyusb/src/portable/raspberrypi/rp2040/dcd_rp2040.c.obj
                0x10002830                dcd_set_address
 .text.dcd_remote_wakeup
                0x10002844       0x18 CMakeFiles/dev_hid_composite.dir/C_/pico-sdk/lib/tinyusb/src/portable/raspberrypi/rp2040/dcd_rp2040.c.obj
                0x10002844                dcd_remote_wakeup
 .text.dcd_sof_enable
                0x1000285c       0x1c CMakeFiles/dev_hid_composite.dir/C_/pico-sdk/lib/tinyusb/src/portable/raspberrypi/rp2040/dcd_rp2040.c.obj
                0x1000285c                dcd_sof_enable
 .text.dcd_edpt0_status_complete
                0x10002878       0x1c CMakeFiles/dev_hid_composite.dir/C_/pico-sdk/lib/tinyusb/src/portable/raspberrypi/rp2040/dcd_rp2040.c.obj
                0x10002878                dcd_edpt0_status_complete
 .text.dcd_edpt_open
                0x10002894      0x114 CMakeFiles/dev_hid_composite.dir/C_/pico-sdk/lib/tinyusb/src/portable/raspberrypi/rp2040/dcd_rp2040.c.obj
                0x10002894                dcd_edpt_open
 .text.dcd_edpt_close_all
                0x100029a8        0x8 CMakeFiles/dev_hid_composite.dir/C_/pico-sdk/lib/tinyusb/src/portable/raspberrypi/rp2040/dcd_rp2040.c.obj
                0x100029a8                dcd_edpt_close_all
 .text.dcd_edpt_xfer
                0x100029b0       0x24 CMakeFiles/dev_hid_composite.dir/C_/pico-sdk/lib/tinyusb/src/portable/raspberrypi/rp2040/dcd_rp2040.c.obj
                0x100029b0                dcd_edpt_xfer
 .text.dcd_edpt_stall
                0x100029d4       0x38 CMakeFiles/dev_hid_composite.dir/C_/pico-sdk/lib/tinyusb/src/portable/raspberrypi/rp2040/dcd_rp2040.c.obj
                0x100029d4                dcd_edpt_stall
 .text.dcd_edpt_clear_stall
                0x10002a0c       0x30 CMakeFiles/dev_hid_composite.dir/C_/pico-sdk/lib/tinyusb/src/portable/raspberrypi/rp2040/dcd_rp2040.c.obj
                0x10002a0c                dcd_edpt_clear_stall
 .text.rp2040_usb_init
                0x10002a3c       0x40 CMakeFiles/dev_hid_composite.dir/C_/pico-sdk/lib/tinyusb/src/portable/raspberrypi/rp2040/rp2040_usb.c.obj
                0x10002a3c                rp2040_usb_init
 .text.hw_endpoint_xfer_start
                0x10002a7c       0x50 CMakeFiles/dev_hid_composite.dir/C_/pico-sdk/lib/tinyusb/src/portable/raspberrypi/rp2040/rp2040_usb.c.obj
                0x10002a7c                hw_endpoint_xfer_start
 .text.tud_vendor_control_xfer_cb
                0x10002acc        0x4 CMakeFiles/dev_hid_composite.dir/C_/pico-sdk/lib/tinyusb/src/device/usbd.c.obj
                0x10002acc                tud_vendor_control_xfer_cb
 .text.tud_event_hook_cb
                0x10002ad0        0x4 CMakeFiles/dev_hid_composite.dir/C_/pico-sdk/lib/tinyusb/src/device/usbd.c.obj
                0x10002ad0                tud_event_hook_cb
 .text.tud_sof_cb
                0x10002ad4        0x4 CMakeFiles/dev_hid_composite.dir/C_/pico-sdk/lib/tinyusb/src/device/usbd.c.obj
                0x10002ad4                tud_sof_cb
 .text.tud_descriptor_bos_cb
                0x10002ad8        0x4 CMakeFiles/dev_hid_composite.dir/C_/pico-sdk/lib/tinyusb/src/device/usbd.c.obj
                0x10002ad8                tud_descriptor_bos_cb
 .text.tud_descriptor_device_qualifier_cb
                0x10002adc        0x4 CMakeFiles/dev_hid_composite.dir/C_/pico-sdk/lib/tinyusb/src/device/usbd.c.obj
                0x10002adc                tud_descriptor_device_qualifier_cb
 .text.tud_descriptor_other_speed_configuration_cb
                0x10002ae0        0x4 CMakeFiles/dev_hid_composite.dir/C_/pico-sdk/lib/tinyusb/src/device/usbd.c.obj
                0x10002ae0                tud_descriptor_other_speed_configuration_cb
 .text.tud_mounted
                0x10002ae4       0x10 CMakeFiles/dev_hid_composite.dir/C_/pico-sdk/lib/tinyusb/src/device/usbd.c.obj
                0x10002ae4                tud_mounted
 .text.tud_suspended
                0x10002af4       0x10 CMakeFiles/dev_hid_composite.dir/C_/pico-sdk/lib/tinyusb/src/device/usbd.c.obj
                0x10002af4                tud_suspended
 .text.tud_remote_wakeup
                0x10002b04       0x30 CMakeFiles/dev_hid_composite.dir/C_/pico-sdk/lib/tinyusb/src/device/usbd.c.obj
                0x10002b04                tud_remote_wakeup
 .text.tud_rhport_init
                0x10002b34       0xf0 CMakeFiles/dev_hid_composite.dir/C_/pico-sdk/lib/tinyusb/src/device/usbd.c.obj
                0x10002b34                tud_rhport_init
 .text.tud_task_ext
                0x10002c24      0x7a4 CMakeFiles/dev_hid_composite.dir/C_/pico-sdk/lib/tinyusb/src/device/usbd.c.obj
                0x10002c24                tud_task_ext
 .text.usbd_open_edpt_pair
                0x100033c8       0x9c CMakeFiles/dev_hid_composite.dir/C_/pico-sdk/lib/tinyusb/src/device/usbd.c.obj
                0x100033c8                usbd_open_edpt_pair
 .text.usbd_edpt_claim
                0x10003464       0x28 CMakeFiles/dev_hid_composite.dir/C_/pico-sdk/lib/tinyusb/src/device/usbd.c.obj
                0x10003464                usbd_edpt_claim
 .text.usbd_edpt_xfer
                0x1000348c       0x4c CMakeFiles/dev_hid_composite.dir/C_/pico-sdk/lib/tinyusb/src/device/usbd.c.obj
                0x1000348c                usbd_edpt_xfer
 .text.usbd_edpt_busy
                0x100034d8       0x1c CMakeFiles/dev_hid_composite.dir/C_/pico-sdk/lib/tinyusb/src/device/usbd.c.obj
                0x100034d8                usbd_edpt_busy
 .text.tud_control_status
                0x100034f4       0x30 CMakeFiles/dev_hid_composite.dir/C_/pico-sdk/lib/tinyusb/src/device/usbd_control.c.obj
                0x100034f4                tud_control_status
 .text.tud_control_xfer
                0x10003524       0xbc CMakeFiles/dev_hid_composite.dir/C_/pico-sdk/lib/tinyusb/src/device/usbd_control.c.obj
                0x10003524                tud_control_xfer
 .text.usbd_control_reset
                0x100035e0       0x14 CMakeFiles/dev_hid_composite.dir/C_/pico-sdk/lib/tinyusb/src/device/usbd_control.c.obj
                0x100035e0                usbd_control_reset
 .text.usbd_control_set_complete_callback
                0x100035f4        0xc CMakeFiles/dev_hid_composite.dir/C_/pico-sdk/lib/tinyusb/src/device/usbd_control.c.obj
                0x100035f4                usbd_control_set_complete_callback
 .text.usbd_control_set_request
                0x10003600       0x1c CMakeFiles/dev_hid_composite.dir/C_/pico-sdk/lib/tinyusb/src/device/usbd_control.c.obj
                0x10003600                usbd_control_set_request
 .text.usbd_control_xfer_cb
                0x1000361c       0xf0 CMakeFiles/dev_hid_composite.dir/C_/pico-sdk/lib/tinyusb/src/device/usbd_control.c.obj
                0x1000361c                usbd_control_xfer_cb
 .text.tud_hid_set_protocol_cb
                0x1000370c        0x4 CMakeFiles/dev_hid_composite.dir/C_/pico-sdk/lib/tinyusb/src/class/hid/hid_device.c.obj
                0x1000370c                tud_hid_set_protocol_cb
 .text.tud_hid_set_idle_cb
                0x10003710        0x4 CMakeFiles/dev_hid_composite.dir/C_/pico-sdk/lib/tinyusb/src/class/hid/hid_device.c.obj
                0x10003710                tud_hid_set_idle_cb
 .text.tud_hid_report_complete_cb
                0x10003714        0x4 CMakeFiles/dev_hid_composite.dir/C_/pico-sdk/lib/tinyusb/src/class/hid/hid_device.c.obj
                0x10003714                tud_hid_report_complete_cb
 .text.tud_hid_report_failed_cb
                0x10003718        0x4 CMakeFiles/dev_hid_composite.dir/C_/pico-sdk/lib/tinyusb/src/class/hid/hid_device.c.obj
                0x10003718                tud_hid_report_failed_cb
 .text.tud_hid_n_ready
                0x1000371c       0x3c CMakeFiles/dev_hid_composite.dir/C_/pico-sdk/lib/tinyusb/src/class/hid/hid_device.c.obj
                0x1000371c                tud_hid_n_ready
 .text.tud_hid_n_keyboard_report
                0x10003758       0x78 CMakeFiles/dev_hid_composite.dir/C_/pico-sdk/lib/tinyusb/src/class/hid/hid_device.c.obj
                0x10003758                tud_hid_n_keyboard_report
 .text.hidd_init
                0x100037d0       0x14 CMakeFiles/dev_hid_composite.dir/C_/pico-sdk/lib/tinyusb/src/class/hid/hid_device.c.obj
                0x100037d0                hidd_init
 .text.hidd_deinit
                0x100037e4        0x4 CMakeFiles/dev_hid_composite.dir/C_/pico-sdk/lib/tinyusb/src/class/hid/hid_device.c.obj
                0x100037e4                hidd_deinit
 .text.hidd_reset
                0x100037e8       0x14 CMakeFiles/dev_hid_composite.dir/C_/pico-sdk/lib/tinyusb/src/class/hid/hid_device.c.obj
                0x100037e8                hidd_reset
 .text.hidd_open
                0x100037fc       0x8c CMakeFiles/dev_hid_composite.dir/C_/pico-sdk/lib/tinyusb/src/class/hid/hid_device.c.obj
                0x100037fc                hidd_open
 .text.hidd_control_xfer_cb
                0x10003888      0x1a4 CMakeFiles/dev_hid_composite.dir/C_/pico-sdk/lib/tinyusb/src/class/hid/hid_device.c.obj
                0x10003888                hidd_control_xfer_cb
 .text.hidd_xfer_cb
                0x10003a2c       0x88 CMakeFiles/dev_hid_composite.dir/C_/pico-sdk/lib/tinyusb/src/class/hid/hid_device.c.obj
                0x10003a2c                hidd_xfer_cb
 .text.tusb_rhport_init
                0x10003ab4       0x48 CMakeFiles/dev_hid_composite.dir/C_/pico-sdk/lib/tinyusb/src/tusb.c.obj
                0x10003ab4                tusb_rhport_init
 .text.tu_edpt_claim
                0x10003afc       0x50 CMakeFiles/dev_hid_composite.dir/C_/pico-sdk/lib/tinyusb/src/tusb.c.obj
                0x10003afc                tu_edpt_claim
 .text.tu_edpt_validate
                0x10003b4c       0x78 CMakeFiles/dev_hid_composite.dir/C_/pico-sdk/lib/tinyusb/src/tusb.c.obj
                0x10003b4c                tu_edpt_validate
 .text.tu_edpt_bind_driver
                0x10003bc4       0x34 CMakeFiles/dev_hid_composite.dir/C_/pico-sdk/lib/tinyusb/src/tusb.c.obj
                0x10003bc4                tu_edpt_bind_driver
 .text.tu_fifo_read
                0x10003bf8       0xa0 CMakeFiles/dev_hid_composite.dir/C_/pico-sdk/lib/tinyusb/src/common/tusb_fifo.c.obj
                0x10003bf8                tu_fifo_read
 .text.tu_fifo_write
                0x10003c98       0x88 CMakeFiles/dev_hid_composite.dir/C_/pico-sdk/lib/tinyusb/src/common/tusb_fifo.c.obj
                0x10003c98                tu_fifo_write
 .text.tu_fifo_clear
                0x10003d20       0x40 CMakeFiles/dev_hid_composite.dir/C_/pico-sdk/lib/tinyusb/src/common/tusb_fifo.c.obj
                0x10003d20                tu_fifo_clear
 .text.board_get_unique_id
                0x10003d60       0x24 CMakeFiles/dev_hid_composite.dir/C_/pico-sdk/lib/tinyusb/hw/bsp/rp2040/family.c.obj
                0x10003d60                board_get_unique_id
 .text.board_init
                0x10003d84       0x30 CMakeFiles/dev_hid_composite.dir/C_/pico-sdk/lib/tinyusb/hw/bsp/rp2040/family.c.obj
                0x10003d84                board_init
 .text.board_led_write
                0x10003db4       0x14 CMakeFiles/dev_hid_composite.dir/C_/pico-sdk/lib/tinyusb/hw/bsp/rp2040/family.c.obj
                0x10003db4                board_led_write
 .text.free     0x10003dc8       0x14 c:/progra~2/gnuarm~1/102021~1.10/bin/../lib/gcc/arm-none-eabi/10.3.1/../../../../arm-none-eabi/lib/thumb/v6-m/nofp\libg.a(lib_a-malloc.o)
                0x10003dc8                free
 .text.__malloc_lock
                0x10003ddc       0x10 c:/progra~2/gnuarm~1/102021~1.10/bin/../lib/gcc/arm-none-eabi/10.3.1/../../../../arm-none-eabi/lib/thumb/v6-m/nofp\libg.a(lib_a-mlock.o)
                0x10003ddc                __malloc_lock
 .text.__malloc_unlock
                0x10003dec       0x10 c:/progra~2/gnuarm~1/102021~1.10/bin/../lib/gcc/arm-none-eabi/10.3.1/../../../../arm-none-eabi/lib/thumb/v6-m/nofp\libg.a(lib_a-mlock.o)
                0x10003dec                __malloc_unlock
 .text._sbrk_r  0x10003dfc       0x24 c:/progra~2/gnuarm~1/102021~1.10/bin/../lib/gcc/arm-none-eabi/10.3.1/../../../../arm-none-eabi/lib/thumb/v6-m/nofp\libg.a(lib_a-sbrkr.o)
                0x10003dfc                _sbrk_r
 .text.strlen   0x10003e20       0x5c c:/progra~2/gnuarm~1/102021~1.10/bin/../lib/gcc/arm-none-eabi/10.3.1/../../../../arm-none-eabi/lib/thumb/v6-m/nofp\libg.a(lib_a-strlen-stub.o)
                0x10003e20                strlen
 .text._malloc_trim_r
                0x10003e7c       0x9c c:/progra~2/gnuarm~1/102021~1.10/bin/../lib/gcc/arm-none-eabi/10.3.1/../../../../arm-none-eabi/lib/thumb/v6-m/nofp\libg.a(lib_a-freer.o)
                0x10003e7c                _malloc_trim_r
 .text._free_r  0x10003f18      0x1c4 c:/progra~2/gnuarm~1/102021~1.10/bin/../lib/gcc/arm-none-eabi/10.3.1/../../../../arm-none-eabi/lib/thumb/v6-m/nofp\libg.a(lib_a-freer.o)
                0x10003f18                _free_r
 .text.__retarget_lock_acquire_recursive
                0x100040dc        0x4 c:/progra~2/gnuarm~1/102021~1.10/bin/../lib/gcc/arm-none-eabi/10.3.1/../../../../arm-none-eabi/lib/thumb/v6-m/nofp\libg.a(lib_a-lock.o)
                0x100040dc                __retarget_lock_acquire_recursive
 .text.__retarget_lock_release_recursive
                0x100040e0        0x4 c:/progra~2/gnuarm~1/102021~1.10/bin/../lib/gcc/arm-none-eabi/10.3.1/../../../../arm-none-eabi/lib/thumb/v6-m/nofp\libg.a(lib_a-lock.o)
                0x100040e0                __retarget_lock_release_recursive
 *(.fini)
 .fini          0x100040e4        0x4 c:/progra~2/gnuarm~1/102021~1.10/bin/../lib/gcc/arm-none-eabi/10.3.1/thumb/v6-m/nofp/crti.o
                0x100040e4                _fini
 .fini.__stub   0x100040e8       0xc0 linker stubs
 *crtbegin.o(.ctors)
 *crtbegin?.o(.ctors)
 *(EXCLUDE_FILE(*crtend.o *crtend?.o) .ctors)
 *(SORT_BY_NAME(.ctors.*))
 *(.ctors)
 *crtbegin.o(.dtors)
 *crtbegin?.o(.dtors)
 *(EXCLUDE_FILE(*crtend.o *crtend?.o) .dtors)
 *(SORT_BY_NAME(.dtors.*))
 *(.dtors)
                0x100041a8                . = ALIGN (0x4)
                0x100041a8                PROVIDE (__preinit_array_start = .)
 *(SORT_BY_NAME(.preinit_array.*))
 .preinit_array.00100
                0x100041a8        0x4 CMakeFiles/dev_hid_composite.dir/C_/pico-sdk/src/rp2_common/pico_runtime_init/runtime_init.c.obj
                0x100041a8                __pre_init_runtime_init_early_resets
 .preinit_array.00101
                0x100041ac        0x4 CMakeFiles/dev_hid_composite.dir/C_/pico-sdk/src/rp2_common/pico_runtime_init/runtime_init.c.obj
                0x100041ac                __pre_init_runtime_init_usb_power_down
 .preinit_array.00275
                0x100041b0        0x4 CMakeFiles/dev_hid_composite.dir/C_/pico-sdk/src/rp2_common/pico_bit_ops/bit_ops_aeabi.S.obj
 .preinit_array.00300
                0x100041b4        0x4 CMakeFiles/dev_hid_composite.dir/C_/pico-sdk/src/rp2_common/pico_mem_ops/mem_ops_aeabi.S.obj
 .preinit_array.00350
                0x100041b8        0x4 CMakeFiles/dev_hid_composite.dir/C_/pico-sdk/src/rp2_common/pico_double/double_aeabi_rp2040.S.obj
 .preinit_array.00350
                0x100041bc        0x4 CMakeFiles/dev_hid_composite.dir/C_/pico-sdk/src/rp2_common/pico_float/float_aeabi_rp2040.S.obj
 .preinit_array.00500
                0x100041c0        0x4 CMakeFiles/dev_hid_composite.dir/C_/pico-sdk/src/rp2_common/pico_runtime_init/runtime_init.c.obj
                0x100041c0                __pre_init_runtime_init_clocks
 .preinit_array.00600
                0x100041c4        0x4 CMakeFiles/dev_hid_composite.dir/C_/pico-sdk/src/rp2_common/pico_runtime_init/runtime_init.c.obj
                0x100041c4                __pre_init_runtime_init_post_clock_resets
 .preinit_array.00700
                0x100041c8        0x4 CMakeFiles/dev_hid_composite.dir/C_/pico-sdk/src/rp2_common/pico_runtime_init/runtime_init.c.obj
                0x100041c8                __pre_init_runtime_init_rp2040_gpio_ie_disable
 .preinit_array.01000
                0x100041cc        0x4 CMakeFiles/dev_hid_composite.dir/C_/pico-sdk/src/rp2_common/pico_runtime_init/runtime_init.c.obj
                0x100041cc                __pre_init_runtime_init_spin_locks_reset
 .preinit_array.01100
                0x100041d0        0x4 CMakeFiles/dev_hid_composite.dir/C_/pico-sdk/src/common/pico_sync/mutex.c.obj
                0x100041d0                __pre_init_runtime_init_mutex
 .preinit_array.10080
                0x100041d4        0x4 CMakeFiles/dev_hid_composite.dir/C_/pico-sdk/src/rp2_common/pico_runtime_init/runtime_init.c.obj
                0x100041d4                __pre_init_runtime_init_install_ram_vector_table
 .preinit_array.11000
                0x100041d8        0x4 CMakeFiles/dev_hid_composite.dir/C_/pico-sdk/src/common/pico_time/time.c.obj
                0x100041d8                __pre_init_runtime_init_default_alarm_pool
 .preinit_array.YYYYY
                0x100041dc        0x4 CMakeFiles/dev_hid_composite.dir/C_/pico-sdk/src/rp2_common/pico_runtime/runtime.c.obj
                0x100041dc                __pre_init_first_per_core_initializer
 .preinit_array.ZZZZZ.01200
                0x100041e0        0x4 CMakeFiles/dev_hid_composite.dir/C_/pico-sdk/src/rp2_common/hardware_irq/irq.c.obj
                0x100041e0                __pre_init_runtime_init_per_core_irq_priorities
 *(.preinit_array)
                0x100041e4                PROVIDE (__preinit_array_end = .)
                0x100041e4                . = ALIGN (0x4)
                0x100041e4                PROVIDE (__init_array_start = .)
 *(SORT_BY_NAME(.init_array.*))
 .init_array.01000
                0x100041e4        0x4 CMakeFiles/dev_hid_composite.dir/C_/pico-sdk/src/rp2_common/pico_unique_id/unique_id.c.obj
 *(.init_array)
 .init_array    0x100041e8        0x4 c:/progra~2/gnuarm~1/102021~1.10/bin/../lib/gcc/arm-none-eabi/10.3.1/thumb/v6-m/nofp/crtbegin.o
 .init_array    0x100041ec        0x4 CMakeFiles/dev_hid_composite.dir/main.cpp.obj
                0x100041f0                PROVIDE (__init_array_end = .)
                0x100041f0                . = ALIGN (0x4)
                [!provide]                PROVIDE (__fini_array_start = .)
 *(SORT_BY_NAME(.fini_array.*))
 *(.fini_array)
                [!provide]                PROVIDE (__fini_array_end = .)
 *(.eh_frame*)
 .eh_frame      0x100041f0        0x0 c:/progra~2/gnuarm~1/102021~1.10/bin/../lib/gcc/arm-none-eabi/10.3.1/thumb/v6-m/nofp/crtbegin.o
                0x100041f0                . = ALIGN (0x4)

.glue_7         0x100041f0        0x0
 .glue_7        0x100041f0        0x0 linker stubs

.glue_7t        0x100041f0        0x0
 .glue_7t       0x100041f0        0x0 linker stubs

.vfp11_veneer   0x100041f0        0x0
 .vfp11_veneer  0x100041f0        0x0 linker stubs

.v4_bx          0x100041f0        0x0
 .v4_bx         0x100041f0        0x0 linker stubs

.iplt           0x100041f0        0x0
 .iplt          0x100041f0        0x0 c:/progra~2/gnuarm~1/102021~1.10/bin/../lib/gcc/arm-none-eabi/10.3.1/thumb/v6-m/nofp/crtbegin.o

.rodata         0x100041f0      0x458
 *(EXCLUDE_FILE(*libm.a: *libc.a:*lib_a-mem*.o *libgcc.a:) .rodata*)
 .rodata._ZTV8KeyBoard
                0x100041f0       0x10 CMakeFiles/dev_hid_composite.dir/main.cpp.obj
                0x100041f0                vtable for KeyBoard
 .rodata        0x10004200       0x34 CMakeFiles/dev_hid_composite.dir/main.cpp.obj
 .rodata.tud_descriptor_string_cb.str1.4
                0x10004234       0x11 CMakeFiles/dev_hid_composite.dir/usb_descriptors.c.obj
 *fill*         0x10004245        0x3 
 .rodata.str1.4
                0x10004248       0x17 CMakeFiles/dev_hid_composite.dir/usb_descriptors.c.obj
 *fill*         0x1000425f        0x1 
 .rodata.__compound_literal.0
                0x10004260        0x2 CMakeFiles/dev_hid_composite.dir/usb_descriptors.c.obj
 *fill*         0x10004262        0x2 
 .rodata.desc_configuration
                0x10004264       0x22 CMakeFiles/dev_hid_composite.dir/usb_descriptors.c.obj
                0x10004264                desc_configuration
 *fill*         0x10004286        0x2 
 .rodata.desc_device
                0x10004288       0x12 CMakeFiles/dev_hid_composite.dir/usb_descriptors.c.obj
                0x10004288                desc_device
 *fill*         0x1000429a        0x2 
 .rodata.desc_hid_report
                0x1000429c       0xef CMakeFiles/dev_hid_composite.dir/usb_descriptors.c.obj
                0x1000429c                desc_hid_report
 *fill*         0x1000438b        0x1 
 .rodata.panic.str1.4
                0x1000438c       0x12 CMakeFiles/dev_hid_composite.dir/C_/pico-sdk/src/rp2_common/pico_platform_panic/panic.c.obj
 *fill*         0x1000439e        0x2 
 .rodata.spin_lock_claim_unused.str1.4
                0x100043a0       0x1b CMakeFiles/dev_hid_composite.dir/C_/pico-sdk/src/rp2_common/hardware_sync/sync.c.obj
 *fill*         0x100043bb        0x1 
 .rodata.timer_hardware_alarm_claim.str1.4
                0x100043bc       0x22 CMakeFiles/dev_hid_composite.dir/C_/pico-sdk/src/rp2_common/hardware_timer/timer.c.obj
 *fill*         0x100043de        0x2 
 .rodata.hard_assertion_failure.str1.4
                0x100043e0        0xc CMakeFiles/dev_hid_composite.dir/C_/pico-sdk/src/rp2_common/pico_runtime/runtime.c.obj
 .rodata.str1.4
                0x100043ec       0x8c CMakeFiles/dev_hid_composite.dir/C_/pico-sdk/src/rp2_common/pico_standard_binary_info/standard_binary_info.c.obj
                                 0xa0 (size before relaxing)
 .rodata.__bi_26
                0x10004478        0xc CMakeFiles/dev_hid_composite.dir/C_/pico-sdk/src/rp2_common/pico_standard_binary_info/standard_binary_info.c.obj
 .rodata.__bi_34
                0x10004484        0xc CMakeFiles/dev_hid_composite.dir/C_/pico-sdk/src/rp2_common/pico_standard_binary_info/standard_binary_info.c.obj
 .rodata.__bi_42
                0x10004490        0xc CMakeFiles/dev_hid_composite.dir/C_/pico-sdk/src/rp2_common/pico_standard_binary_info/standard_binary_info.c.obj
 .rodata.__bi_48
                0x1000449c        0xc CMakeFiles/dev_hid_composite.dir/C_/pico-sdk/src/rp2_common/pico_standard_binary_info/standard_binary_info.c.obj
 .rodata.__bi_54
                0x100044a8        0xc CMakeFiles/dev_hid_composite.dir/C_/pico-sdk/src/rp2_common/pico_standard_binary_info/standard_binary_info.c.obj
 .rodata.__bi_72
                0x100044b4        0xc CMakeFiles/dev_hid_composite.dir/C_/pico-sdk/src/rp2_common/pico_standard_binary_info/standard_binary_info.c.obj
 .rodata.__bi_78
                0x100044c0        0xc CMakeFiles/dev_hid_composite.dir/C_/pico-sdk/src/rp2_common/pico_standard_binary_info/standard_binary_info.c.obj
 .rodata.__bi_84
                0x100044cc        0xc CMakeFiles/dev_hid_composite.dir/C_/pico-sdk/src/rp2_common/pico_standard_binary_info/standard_binary_info.c.obj
 .rodata.crlf_str.0
                0x100044d8        0x2 CMakeFiles/dev_hid_composite.dir/C_/pico-sdk/src/rp2_common/pico_stdio/stdio.c.obj
 *fill*         0x100044da        0x2 
 .rodata.str1.4
                0x100044dc       0x14 CMakeFiles/dev_hid_composite.dir/C_/pico-sdk/lib/tinyusb/src/portable/raspberrypi/rp2040/dcd_rp2040.c.obj
 .rodata.str1.4
                0x100044f0       0x48 CMakeFiles/dev_hid_composite.dir/C_/pico-sdk/lib/tinyusb/src/portable/raspberrypi/rp2040/rp2040_usb.c.obj
 .rodata.tud_task_ext
                0x10004538       0x8c CMakeFiles/dev_hid_composite.dir/C_/pico-sdk/lib/tinyusb/src/device/usbd.c.obj
 .rodata        0x100045c4       0x1c CMakeFiles/dev_hid_composite.dir/C_/pico-sdk/lib/tinyusb/src/device/usbd.c.obj
 .rodata._usbd_driver
                0x100045e0       0x20 CMakeFiles/dev_hid_composite.dir/C_/pico-sdk/lib/tinyusb/src/device/usbd.c.obj
 .rodata.hidd_control_xfer_cb
                0x10004600       0x30 CMakeFiles/dev_hid_composite.dir/C_/pico-sdk/lib/tinyusb/src/class/hid/hid_device.c.obj
 .rodata.str1.4
                0x10004630        0x4 CMakeFiles/dev_hid_composite.dir/C_/pico-sdk/lib/tinyusb/hw/bsp/rp2040/family.c.obj
 .rodata.__bi_153.0
                0x10004634        0xc CMakeFiles/dev_hid_composite.dir/C_/pico-sdk/lib/tinyusb/hw/bsp/rp2040/family.c.obj
 .rodata.__bi_163.1
                0x10004640        0x8 CMakeFiles/dev_hid_composite.dir/C_/pico-sdk/lib/tinyusb/hw/bsp/rp2040/family.c.obj
                0x10004648                . = ALIGN (0x4)
 *(SORT_BY_ALIGNMENT(SORT_BY_NAME(.flashdata*)))
                0x10004648                . = ALIGN (0x4)

.ARM.extab
 *(.ARM.extab* .gnu.linkonce.armextab.*)
                0x10004648                __exidx_start = .

.ARM.exidx
 *(.ARM.exidx* .gnu.linkonce.armexidx.*)
                0x10004648                __exidx_end = .
                0x10004648                . = ALIGN (0x4)
                0x10004648                __binary_info_start = .

.binary_info    0x10004648       0x28
 *(.binary_info.keep.*)
 .binary_info.keep.__bi_ptr26
                0x10004648        0x4 CMakeFiles/dev_hid_composite.dir/C_/pico-sdk/src/rp2_common/pico_standard_binary_info/standard_binary_info.c.obj
 .binary_info.keep.__bi_ptr34
                0x1000464c        0x4 CMakeFiles/dev_hid_composite.dir/C_/pico-sdk/src/rp2_common/pico_standard_binary_info/standard_binary_info.c.obj
 .binary_info.keep.__bi_ptr42
                0x10004650        0x4 CMakeFiles/dev_hid_composite.dir/C_/pico-sdk/src/rp2_common/pico_standard_binary_info/standard_binary_info.c.obj
 .binary_info.keep.__bi_ptr48
                0x10004654        0x4 CMakeFiles/dev_hid_composite.dir/C_/pico-sdk/src/rp2_common/pico_standard_binary_info/standard_binary_info.c.obj
 .binary_info.keep.__bi_ptr54
                0x10004658        0x4 CMakeFiles/dev_hid_composite.dir/C_/pico-sdk/src/rp2_common/pico_standard_binary_info/standard_binary_info.c.obj
 .binary_info.keep.__bi_ptr72
                0x1000465c        0x4 CMakeFiles/dev_hid_composite.dir/C_/pico-sdk/src/rp2_common/pico_standard_binary_info/standard_binary_info.c.obj
 .binary_info.keep.__bi_ptr78
                0x10004660        0x4 CMakeFiles/dev_hid_composite.dir/C_/pico-sdk/src/rp2_common/pico_standard_binary_info/standard_binary_info.c.obj
 .binary_info.keep.__bi_ptr84
                0x10004664        0x4 CMakeFiles/dev_hid_composite.dir/C_/pico-sdk/src/rp2_common/pico_standard_binary_info/standard_binary_info.c.obj
 .binary_info.keep.__bi_ptr153
                0x10004668        0x4 CMakeFiles/dev_hid_composite.dir/C_/pico-sdk/lib/tinyusb/hw/bsp/rp2040/family.c.obj
 .binary_info.keep.__bi_ptr163
                0x1000466c        0x4 CMakeFiles/dev_hid_composite.dir/C_/pico-sdk/lib/tinyusb/hw/bsp/rp2040/family.c.obj
 *(.binary_info.*)
                0x10004670                __binary_info_end = .
                0x10004670                . = ALIGN (0x4)

.ram_vector_table
                0x20000000       0xc0
 *(.ram_vector_table)
 .ram_vector_table
                0x20000000       0xc0 CMakeFiles/dev_hid_composite.dir/C_/pico-sdk/src/rp2_common/pico_runtime_init/runtime_init.c.obj
                0x20000000                ram_vector_table

.uninitialized_data
                0x200000c0        0x0
                0x200000c0                . = ALIGN (0x4)
 *(.uninitialized_data*)

.data           0x200000c0     0x1830 load address 0x10004670
                0x200000c0                __data_start__ = .
 *(vtable)
 *(.time_critical*)
 .time_critical.mutex_try_enter_block_until
                0x200000c0       0x9c CMakeFiles/dev_hid_composite.dir/C_/pico-sdk/src/common/pico_sync/mutex.c.obj
                0x200000c0                mutex_try_enter_block_until
 .time_critical.mutex_enter_timeout_ms
                0x2000015c       0x90 CMakeFiles/dev_hid_composite.dir/C_/pico-sdk/src/common/pico_sync/mutex.c.obj
                0x2000015c                mutex_enter_timeout_ms
 .time_critical.mutex_exit
                0x200001ec       0x28 CMakeFiles/dev_hid_composite.dir/C_/pico-sdk/src/common/pico_sync/mutex.c.obj
                0x200001ec                mutex_exit
 .time_critical.flash_init_boot2_copyout
                0x20000214       0x30 CMakeFiles/dev_hid_composite.dir/C_/pico-sdk/src/rp2_common/hardware_flash/flash.c.obj
 .time_critical.flash_enable_xip_via_boot2
                0x20000244       0x10 CMakeFiles/dev_hid_composite.dir/C_/pico-sdk/src/rp2_common/hardware_flash/flash.c.obj
 .time_critical.flash_save_hardware_state
                0x20000254       0x28 CMakeFiles/dev_hid_composite.dir/C_/pico-sdk/src/rp2_common/hardware_flash/flash.c.obj
 .time_critical.flash_restore_hardware_state
                0x2000027c       0x28 CMakeFiles/dev_hid_composite.dir/C_/pico-sdk/src/rp2_common/hardware_flash/flash.c.obj
 .time_critical.flash_cs_force
                0x200002a4       0x38 CMakeFiles/dev_hid_composite.dir/C_/pico-sdk/src/rp2_common/hardware_flash/flash.c.obj
 .time_critical.flash_do_cmd
                0x200002dc       0xd4 CMakeFiles/dev_hid_composite.dir/C_/pico-sdk/src/rp2_common/hardware_flash/flash.c.obj
                0x200002dc                flash_do_cmd
 .time_critical.reset_non_control_endpoints
                0x200003b0       0xbc CMakeFiles/dev_hid_composite.dir/C_/pico-sdk/lib/tinyusb/src/portable/raspberrypi/rp2040/dcd_rp2040.c.obj
 .time_critical.hw_handle_buff_status
                0x2000046c       0x98 CMakeFiles/dev_hid_composite.dir/C_/pico-sdk/lib/tinyusb/src/portable/raspberrypi/rp2040/dcd_rp2040.c.obj
 .time_critical.dcd_rp2040_irq
                0x20000504      0x530 CMakeFiles/dev_hid_composite.dir/C_/pico-sdk/lib/tinyusb/src/portable/raspberrypi/rp2040/dcd_rp2040.c.obj
 .time_critical.prepare_ep_buffer
                0x20000a34       0xf4 CMakeFiles/dev_hid_composite.dir/C_/pico-sdk/lib/tinyusb/src/portable/raspberrypi/rp2040/rp2040_usb.c.obj
 .time_critical.sync_ep_buffer
                0x20000b28       0xb4 CMakeFiles/dev_hid_composite.dir/C_/pico-sdk/lib/tinyusb/src/portable/raspberrypi/rp2040/rp2040_usb.c.obj
 .time_critical._hw_endpoint_xfer_sync
                0x20000bdc       0x28 CMakeFiles/dev_hid_composite.dir/C_/pico-sdk/lib/tinyusb/src/portable/raspberrypi/rp2040/rp2040_usb.c.obj
 .time_critical.e15_is_bulkin_ep
                0x20000c04       0x28 CMakeFiles/dev_hid_composite.dir/C_/pico-sdk/lib/tinyusb/src/portable/raspberrypi/rp2040/rp2040_usb.c.obj
 .time_critical.e15_is_critical_frame_period
                0x20000c2c       0x34 CMakeFiles/dev_hid_composite.dir/C_/pico-sdk/lib/tinyusb/src/portable/raspberrypi/rp2040/rp2040_usb.c.obj
 .time_critical.hw_endpoint_reset_transfer
                0x20000c60        0xc CMakeFiles/dev_hid_composite.dir/C_/pico-sdk/lib/tinyusb/src/portable/raspberrypi/rp2040/rp2040_usb.c.obj
                0x20000c60                hw_endpoint_reset_transfer
 .time_critical._hw_endpoint_buffer_control_update32
                0x20000c6c       0x50 CMakeFiles/dev_hid_composite.dir/C_/pico-sdk/lib/tinyusb/src/portable/raspberrypi/rp2040/rp2040_usb.c.obj
                0x20000c6c                _hw_endpoint_buffer_control_update32
 .time_critical.hw_endpoint_start_next_buffer
                0x20000cbc       0x6c CMakeFiles/dev_hid_composite.dir/C_/pico-sdk/lib/tinyusb/src/portable/raspberrypi/rp2040/rp2040_usb.c.obj
                0x20000cbc                hw_endpoint_start_next_buffer
 .time_critical.hw_endpoint_xfer_continue
                0x20000d28       0x40 CMakeFiles/dev_hid_composite.dir/C_/pico-sdk/lib/tinyusb/src/portable/raspberrypi/rp2040/rp2040_usb.c.obj
                0x20000d28                hw_endpoint_xfer_continue
 .time_critical.tinyusb
                0x20000d68      0x1e8 CMakeFiles/dev_hid_composite.dir/C_/pico-sdk/lib/tinyusb/src/device/usbd.c.obj
                0x20000d68                dcd_event_handler
 *(.text*)
 .text          0x20000f50        0x4 c:/progra~2/gnuarm~1/102021~1.10/bin/../lib/gcc/arm-none-eabi/10.3.1/thumb/v6-m/nofp\libgcc.a(_dvmd_tls.o)
                0x20000f50                __aeabi_idiv0
                0x20000f50                __aeabi_ldiv0
 *fill*         0x20000f54        0x4 
 .text.__stub   0x20000f58       0x80 linker stubs
                0x20000fd8                . = ALIGN (0x4)
 *(.rodata*)
                0x20000fd8                . = ALIGN (0x4)
 *(.data*)
 .data._ZL17blink_interval_ms
                0x20000fd8        0x4 CMakeFiles/dev_hid_composite.dir/main.cpp.obj
 .data.string_desc_arr
                0x20000fdc       0x10 CMakeFiles/dev_hid_composite.dir/usb_descriptors.c.obj
                0x20000fdc                string_desc_arr
 .data.striped_spin_lock_num
                0x20000fec        0x1 CMakeFiles/dev_hid_composite.dir/C_/pico-sdk/src/rp2_common/hardware_sync/sync.c.obj
 *fill*         0x20000fed        0x3 
 .data          0x20000ff0       0x48 CMakeFiles/dev_hid_composite.dir/C_/pico-sdk/src/rp2_common/hardware_irq/irq_handler_chain.S.obj
                0x20000ff0                irq_handler_chain_slots
                0x20001020                irq_handler_chain_first_slot
                0x2000102a                irq_handler_chain_remove_tail
 .data.default_alarm_pool
                0x20001038       0x18 CMakeFiles/dev_hid_composite.dir/C_/pico-sdk/src/common/pico_time/time.c.obj
 *fill*         0x20001050        0x0 
 .data.aeabi_bits_funcs
                0x20001050       0x10 CMakeFiles/dev_hid_composite.dir/C_/pico-sdk/src/rp2_common/pico_bit_ops/bit_ops_aeabi.S.obj
                0x20001050                aeabi_bits_funcs
                0x20001060                aeabi_bits_funcs_end
 .data.aeabi_mem_funcs
                0x20001060       0x10 CMakeFiles/dev_hid_composite.dir/C_/pico-sdk/src/rp2_common/pico_mem_ops/mem_ops_aeabi.S.obj
                0x20001060                aeabi_mem_funcs
                0x20001070                aeabi_mem_funcs_end
 .data.stdio_uart
                0x20001070       0x18 CMakeFiles/dev_hid_composite.dir/C_/pico-sdk/src/rp2_common/pico_stdio_uart/stdio_uart.c.obj
                0x20001070                stdio_uart
 .data._usbd_qdef
                0x20001088       0x1c CMakeFiles/dev_hid_composite.dir/C_/pico-sdk/lib/tinyusb/src/device/usbd.c.obj
                0x20001088                _usbd_qdef
 .data._usbd_rhport
                0x200010a4        0x1 CMakeFiles/dev_hid_composite.dir/C_/pico-sdk/lib/tinyusb/src/device/usbd.c.obj
 *fill*         0x200010a5        0x3 
 .data._impure_ptr
                0x200010a8        0x4 c:/progra~2/gnuarm~1/102021~1.10/bin/../lib/gcc/arm-none-eabi/10.3.1/../../../../arm-none-eabi/lib/thumb/v6-m/nofp\libg.a(lib_a-impure.o)
                0x200010a8                _impure_ptr
 *fill*         0x200010ac        0x4 
 .data.impure_data
                0x200010b0      0x428 c:/progra~2/gnuarm~1/102021~1.10/bin/../lib/gcc/arm-none-eabi/10.3.1/../../../../arm-none-eabi/lib/thumb/v6-m/nofp\libg.a(lib_a-impure.o)
 .data.__malloc_av_
                0x200014d8      0x408 c:/progra~2/gnuarm~1/102021~1.10/bin/../lib/gcc/arm-none-eabi/10.3.1/../../../../arm-none-eabi/lib/thumb/v6-m/nofp\libg.a(lib_a-mallocr.o)
                0x200014d8                __malloc_av_
 .data.__malloc_sbrk_base
                0x200018e0        0x4 c:/progra~2/gnuarm~1/102021~1.10/bin/../lib/gcc/arm-none-eabi/10.3.1/../../../../arm-none-eabi/lib/thumb/v6-m/nofp\libg.a(lib_a-mallocr.o)
                0x200018e0                __malloc_sbrk_base
 .data.__malloc_trim_threshold
                0x200018e4        0x4 c:/progra~2/gnuarm~1/102021~1.10/bin/../lib/gcc/arm-none-eabi/10.3.1/../../../../arm-none-eabi/lib/thumb/v6-m/nofp\libg.a(lib_a-mallocr.o)
                0x200018e4                __malloc_trim_threshold
                0x200018e8                . = ALIGN (0x4)
 *(.after_data.*)
                0x200018e8                . = ALIGN (0x4)
                0x200018e8                PROVIDE (__mutex_array_start = .)
 *(SORT_BY_NAME(.mutex_array.*))
 *(.mutex_array)
 .mutex_array   0x200018e8        0x8 CMakeFiles/dev_hid_composite.dir/C_/pico-sdk/src/rp2_common/pico_stdio/stdio.c.obj
                0x200018f0                PROVIDE (__mutex_array_end = .)
                0x200018f0                . = ALIGN (0x4)
 *(.jcr)
                0x200018f0                . = ALIGN (0x4)

.igot.plt       0x200018f0        0x0 load address 0x10005ea0
 .igot.plt      0x200018f0        0x0 c:/progra~2/gnuarm~1/102021~1.10/bin/../lib/gcc/arm-none-eabi/10.3.1/thumb/v6-m/nofp/crtbegin.o

.tdata          0x200018f0        0x0 load address 0x10005ea0
                0x200018f0                . = ALIGN (0x4)
 *(.tdata .tdata.* .gnu.linkonce.td.*)
                0x200018f0                __tdata_end = .
                0x200018f0                PROVIDE (__data_end__ = .)
                0x10004670                __etext = LOADADDR (.data)

.tbss           0x200018f0        0x0 load address 0x10005ea0
                0x200018f0                . = ALIGN (0x4)
                0x200018f0                __bss_start__ = .
                0x200018f0                __tls_base = .
 *(.tbss .tbss.* .gnu.linkonce.tb.*)
 *(.tcommon)
                0x200018f0                __tls_end = .

.bss            0x200018f0      0xb9c load address 0x10005ea0
                0x200018f0                . = ALIGN (0x4)
                0x200018f0                __tbss_end = .
 *(SORT_BY_ALIGNMENT(SORT_BY_NAME(.bss*)))
 .bss.default_alarm_pool_entries
                0x200018f0      0x180 CMakeFiles/dev_hid_composite.dir/C_/pico-sdk/src/common/pico_time/time.c.obj
 .bss.sd_table  0x20001a70      0x100 CMakeFiles/dev_hid_composite.dir/C_/pico-sdk/src/rp2_common/pico_double/double_init_rom_rp2040.c.obj
                0x20001a70                sd_table
 .bss.sf_table  0x20001b70      0x100 CMakeFiles/dev_hid_composite.dir/C_/pico-sdk/src/rp2_common/pico_float/float_init_rom_rp2040.c.obj
                0x20001b70                sf_table
 .bss           0x20001c70       0x1c c:/progra~2/gnuarm~1/102021~1.10/bin/../lib/gcc/arm-none-eabi/10.3.1/thumb/v6-m/nofp/crtbegin.o
 .bss._ZZ17led_blinking_taskvE8start_ms
                0x20001c8c        0x4 CMakeFiles/dev_hid_composite.dir/main.cpp.obj
 .bss._ZZ8hid_taskvE8start_ms
                0x20001c90        0x4 CMakeFiles/dev_hid_composite.dir/main.cpp.obj
 .bss.__lock___malloc_recursive_mutex
                0x20001c94        0x1 c:/progra~2/gnuarm~1/102021~1.10/bin/../lib/gcc/arm-none-eabi/10.3.1/../../../../arm-none-eabi/lib/thumb/v6-m/nofp\libg.a(lib_a-lock.o)
                0x20001c94                __lock___malloc_recursive_mutex
 *fill*         0x20001c95        0x3 
 .bss.__malloc_current_mallinfo
                0x20001c98       0x28 c:/progra~2/gnuarm~1/102021~1.10/bin/../lib/gcc/arm-none-eabi/10.3.1/../../../../arm-none-eabi/lib/thumb/v6-m/nofp\libg.a(lib_a-mallocr.o)
                0x20001c98                __malloc_current_mallinfo
 .bss.__malloc_top_pad
                0x20001cc0        0x4 c:/progra~2/gnuarm~1/102021~1.10/bin/../lib/gcc/arm-none-eabi/10.3.1/../../../../arm-none-eabi/lib/thumb/v6-m/nofp\libg.a(lib_a-mallocr.o)
                0x20001cc0                __malloc_top_pad
 .bss._app_driver
                0x20001cc4        0x4 CMakeFiles/dev_hid_composite.dir/C_/pico-sdk/lib/tinyusb/src/device/usbd.c.obj
 .bss._ctrl_epbuf
                0x20001cc8       0x40 CMakeFiles/dev_hid_composite.dir/C_/pico-sdk/lib/tinyusb/src/device/usbd_control.c.obj
 .bss._ctrl_xfer
                0x20001d08       0x14 CMakeFiles/dev_hid_composite.dir/C_/pico-sdk/lib/tinyusb/src/device/usbd_control.c.obj
 .bss._desc_str
                0x20001d1c       0x42 CMakeFiles/dev_hid_composite.dir/usb_descriptors.c.obj
 *fill*         0x20001d5e        0x2 
 .bss._hidd_epbuf
                0x20001d60       0x30 CMakeFiles/dev_hid_composite.dir/C_/pico-sdk/lib/tinyusb/src/class/hid/hid_device.c.obj
 .bss._hidd_itf
                0x20001d90        0xc CMakeFiles/dev_hid_composite.dir/C_/pico-sdk/lib/tinyusb/src/class/hid/hid_device.c.obj
 .bss._tusb_rhport_role
                0x20001d9c        0x2 CMakeFiles/dev_hid_composite.dir/C_/pico-sdk/lib/tinyusb/src/tusb.c.obj
                0x20001d9c                _tusb_rhport_role
 *fill*         0x20001d9e        0x2 
 .bss._ubsd_mutexdef
                0x20001da0        0x8 CMakeFiles/dev_hid_composite.dir/C_/pico-sdk/lib/tinyusb/src/device/usbd.c.obj
 .bss._usbd_dev
                0x20001da8       0x54 CMakeFiles/dev_hid_composite.dir/C_/pico-sdk/lib/tinyusb/src/device/usbd.c.obj
 .bss._usbd_mutex
                0x20001dfc        0x4 CMakeFiles/dev_hid_composite.dir/C_/pico-sdk/lib/tinyusb/src/device/usbd.c.obj
 .bss._usbd_q   0x20001e00        0x4 CMakeFiles/dev_hid_composite.dir/C_/pico-sdk/lib/tinyusb/src/device/usbd.c.obj
 .bss._usbd_qdef_buf
                0x20001e04       0xc0 CMakeFiles/dev_hid_composite.dir/C_/pico-sdk/lib/tinyusb/src/device/usbd.c.obj
                0x20001e04                _usbd_qdef_buf
 .bss.boot2_copyout
                0x20001ec4      0x100 CMakeFiles/dev_hid_composite.dir/C_/pico-sdk/src/rp2_common/hardware_flash/flash.c.obj
 .bss.chars_available_callback
                0x20001fc4        0x4 CMakeFiles/dev_hid_composite.dir/C_/pico-sdk/src/rp2_common/pico_stdio_uart/stdio_uart.c.obj
 .bss.chars_available_param
                0x20001fc8        0x4 CMakeFiles/dev_hid_composite.dir/C_/pico-sdk/src/rp2_common/pico_stdio_uart/stdio_uart.c.obj
 .bss.claimed   0x20001fcc        0x4 CMakeFiles/dev_hid_composite.dir/C_/pico-sdk/src/rp2_common/hardware_sync/sync.c.obj
 .bss.claimed   0x20001fd0        0x1 CMakeFiles/dev_hid_composite.dir/C_/pico-sdk/src/rp2_common/hardware_timer/timer.c.obj
 *fill*         0x20001fd1        0x3 
 .bss.configured_freq
                0x20001fd4       0x28 CMakeFiles/dev_hid_composite.dir/C_/pico-sdk/src/rp2_common/hardware_clocks/clocks.c.obj
 .bss.drivers   0x20001ffc        0x4 CMakeFiles/dev_hid_composite.dir/C_/pico-sdk/src/rp2_common/pico_stdio/stdio.c.obj
 .bss.e15_last_sof
                0x20002000        0x4 CMakeFiles/dev_hid_composite.dir/C_/pico-sdk/lib/tinyusb/src/portable/raspberrypi/rp2040/rp2040_usb.c.obj
                0x20002000                e15_last_sof
 .bss.errno     0x20002004        0x4 c:/progra~2/gnuarm~1/102021~1.10/bin/../lib/gcc/arm-none-eabi/10.3.1/../../../../arm-none-eabi/lib/thumb/v6-m/nofp\libg.a(lib_a-reent.o)
                0x20002004                errno
 .bss.filter    0x20002008        0x4 CMakeFiles/dev_hid_composite.dir/C_/pico-sdk/src/rp2_common/pico_stdio/stdio.c.obj
 .bss.heap_end.0
                0x2000200c        0x4 CMakeFiles/dev_hid_composite.dir/C_/pico-sdk/src/rp2_common/pico_clib_interface/newlib_interface.c.obj
 .bss.hw_endpoints
                0x20002010      0x400 CMakeFiles/dev_hid_composite.dir/C_/pico-sdk/lib/tinyusb/src/portable/raspberrypi/rp2040/dcd_rp2040.c.obj
 .bss.keyboard  0x20002410       0x40 CMakeFiles/dev_hid_composite.dir/main.cpp.obj
                0x20002410                keyboard
 .bss.lazy_vsnprintf
                0x20002450        0x4 CMakeFiles/dev_hid_composite.dir/C_/pico-sdk/src/rp2_common/pico_printf/printf.c.obj
 .bss.next_buffer_ptr
                0x20002454        0x4 CMakeFiles/dev_hid_composite.dir/C_/pico-sdk/lib/tinyusb/src/portable/raspberrypi/rp2040/dcd_rp2040.c.obj
 .bss.pools     0x20002458       0x10 CMakeFiles/dev_hid_composite.dir/C_/pico-sdk/src/common/pico_time/time.c.obj
 .bss.retrieved_id
                0x20002468        0x8 CMakeFiles/dev_hid_composite.dir/C_/pico-sdk/src/rp2_common/pico_unique_id/unique_id.c.obj
 .bss.sf_clz_func
                0x20002470        0x4 CMakeFiles/dev_hid_composite.dir/C_/pico-sdk/src/rp2_common/pico_double/double_init_rom_rp2040.c.obj
                0x20002470                sf_clz_func
 .bss.sleep_notifier
                0x20002474        0x4 CMakeFiles/dev_hid_composite.dir/C_/pico-sdk/src/common/pico_time/time.c.obj
 .bss.uart_char_to_line_feed
                0x20002478        0x4 CMakeFiles/dev_hid_composite.dir/C_/pico-sdk/src/rp2_common/hardware_uart/uart.c.obj
                0x20002478                uart_char_to_line_feed
 .bss.uart_inst
                0x2000247c        0x4 CMakeFiles/dev_hid_composite.dir/C_/pico-sdk/lib/tinyusb/hw/bsp/rp2040/family.c.obj
 .bss.uart_instance
                0x20002480        0x4 CMakeFiles/dev_hid_composite.dir/C_/pico-sdk/src/rp2_common/pico_stdio_uart/stdio_uart.c.obj
 .bss._ZZ17led_blinking_taskvE9led_state
                0x20002484        0x1 CMakeFiles/dev_hid_composite.dir/main.cpp.obj
 .bss._ZZL15send_hid_reportbE10send_empty
                0x20002485        0x1 CMakeFiles/dev_hid_composite.dir/main.cpp.obj
 .bss._app_driver_count
                0x20002486        0x1 CMakeFiles/dev_hid_composite.dir/C_/pico-sdk/lib/tinyusb/src/device/usbd.c.obj
 .bss._sof_enable
                0x20002487        0x1 CMakeFiles/dev_hid_composite.dir/C_/pico-sdk/lib/tinyusb/src/portable/raspberrypi/rp2040/dcd_rp2040.c.obj
 .bss._usbd_queued_setup
                0x20002488        0x1 CMakeFiles/dev_hid_composite.dir/C_/pico-sdk/lib/tinyusb/src/device/usbd.c.obj
 .bss.boot2_copyout_valid
                0x20002489        0x1 CMakeFiles/dev_hid_composite.dir/C_/pico-sdk/src/rp2_common/hardware_flash/flash.c.obj
 .bss.irq_handler_chain_free_slot_head
                0x2000248a        0x1 CMakeFiles/dev_hid_composite.dir/C_/pico-sdk/src/rp2_common/hardware_irq/irq.c.obj
 *(COMMON)
                0x2000248c                . = ALIGN (0x4)
 *fill*         0x2000248b        0x1 
                0x2000248c                __bss_end__ = .

.heap           0x2000248c      0x800 load address 0x10005ea0
                0x2000248c                __end__ = .
                0x2000248c                end = __end__
 *(.heap*)
 .heap          0x2000248c      0x800 CMakeFiles/dev_hid_composite.dir/C_/pico-sdk/src/rp2_common/pico_crt0/crt0.S.obj
                0x20040000                __HeapLimit = (ORIGIN (RAM) + LENGTH (RAM))

.scratch_x      0x20040000        0x0 load address 0x10005ea0
                0x20040000                __scratch_x_start__ = .
 *(.scratch_x.*)
                0x20040000                . = ALIGN (0x4)
                0x20040000                __scratch_x_end__ = .
                0x10005ea0                __scratch_x_source__ = LOADADDR (.scratch_x)

.scratch_y      0x20041000        0x0 load address 0x10005ea0
                0x20041000                __scratch_y_start__ = .
 *(.scratch_y.*)
                0x20041000                . = ALIGN (0x4)
                0x20041000                __scratch_y_end__ = .
                0x10005ea0                __scratch_y_source__ = LOADADDR (.scratch_y)

.stack1_dummy   0x20040000        0x0
 *(.stack1*)

.stack_dummy    0x20041000      0x800
 *(.stack*)
 .stack         0x20041000      0x800 CMakeFiles/dev_hid_composite.dir/C_/pico-sdk/src/rp2_common/pico_crt0/crt0.S.obj

.rel.dyn        0x20041800        0x0
 .rel.iplt      0x20041800        0x0 c:/progra~2/gnuarm~1/102021~1.10/bin/../lib/gcc/arm-none-eabi/10.3.1/thumb/v6-m/nofp/crtbegin.o

.flash_end      0x10005ea0        0x0
 *(.embedded_end_block*)
                0x10005ea0                PROVIDE (__flash_binary_end = .)
                0x20040000                __StackLimit = (ORIGIN (RAM) + LENGTH (RAM))
                0x20041000                __StackOneTop = (ORIGIN (SCRATCH_X) + LENGTH (SCRATCH_X))
                0x20042000                __StackTop = (ORIGIN (SCRATCH_Y) + LENGTH (SCRATCH_Y))
                0x20041000                __StackOneBottom = (__StackOneTop - SIZEOF (.stack1_dummy))
                0x20041800                __StackBottom = (__StackTop - SIZEOF (.stack_dummy))
                0x20042000                PROVIDE (__stack = __StackTop)
                [!provide]                PROVIDE (__heap_start = __end__)
                [!provide]                PROVIDE (__heap_end = __HeapLimit)
                [!provide]                PROVIDE (__tls_align = MAX (ALIGNOF (.tdata), ALIGNOF (.tbss)))
                [!provide]                PROVIDE (__tls_size_align = (((__tls_size + __tls_align) - 0x1) & ~ ((__tls_align - 0x1))))
                [!provide]                PROVIDE (__arm32_tls_tcb_offset = MAX (0x8, __tls_align))
                [!provide]                PROVIDE (_end = __end__)
                [!provide]                PROVIDE (__llvm_libc_heap_limit = __HeapLimit)
                0x00000001                ASSERT ((__StackLimit >= __HeapLimit), region RAM overflowed)
                0x00000001                ASSERT (((__binary_info_header_end - __logical_binary_start) <= 0x100), Binary info must be in first 256 bytes of the binary)
LOAD CMakeFiles/dev_hid_composite.dir/main.cpp.obj
LOAD CMakeFiles/dev_hid_composite.dir/usb_descriptors.c.obj
LOAD CMakeFiles/dev_hid_composite.dir/C_/pico-sdk/src/rp2_common/pico_stdlib/stdlib.c.obj
LOAD CMakeFiles/dev_hid_composite.dir/C_/pico-sdk/src/rp2_common/hardware_gpio/gpio.c.obj
LOAD CMakeFiles/dev_hid_composite.dir/C_/pico-sdk/src/rp2040/pico_platform/platform.c.obj
LOAD CMakeFiles/dev_hid_composite.dir/C_/pico-sdk/src/rp2_common/pico_platform_common/common.c.obj
LOAD CMakeFiles/dev_hid_composite.dir/C_/pico-sdk/src/rp2_common/pico_platform_panic/panic.c.obj
LOAD CMakeFiles/dev_hid_composite.dir/C_/pico-sdk/src/common/hardware_claim/claim.c.obj
LOAD CMakeFiles/dev_hid_composite.dir/C_/pico-sdk/src/rp2_common/hardware_sync/sync.c.obj
LOAD CMakeFiles/dev_hid_composite.dir/C_/pico-sdk/src/rp2_common/hardware_sync_spin_lock/sync_spin_lock.c.obj
LOAD CMakeFiles/dev_hid_composite.dir/C_/pico-sdk/src/rp2_common/hardware_irq/irq.c.obj
LOAD CMakeFiles/dev_hid_composite.dir/C_/pico-sdk/src/rp2_common/hardware_irq/irq_handler_chain.S.obj
LOAD CMakeFiles/dev_hid_composite.dir/C_/pico-sdk/src/common/pico_sync/sem.c.obj
LOAD CMakeFiles/dev_hid_composite.dir/C_/pico-sdk/src/common/pico_sync/lock_core.c.obj
LOAD CMakeFiles/dev_hid_composite.dir/C_/pico-sdk/src/common/pico_sync/mutex.c.obj
LOAD CMakeFiles/dev_hid_composite.dir/C_/pico-sdk/src/common/pico_sync/critical_section.c.obj
LOAD CMakeFiles/dev_hid_composite.dir/C_/pico-sdk/src/common/pico_time/time.c.obj
LOAD CMakeFiles/dev_hid_composite.dir/C_/pico-sdk/src/common/pico_time/timeout_helper.c.obj
LOAD CMakeFiles/dev_hid_composite.dir/C_/pico-sdk/src/rp2_common/hardware_timer/timer.c.obj
LOAD CMakeFiles/dev_hid_composite.dir/C_/pico-sdk/src/common/pico_util/datetime.c.obj
LOAD CMakeFiles/dev_hid_composite.dir/C_/pico-sdk/src/common/pico_util/pheap.c.obj
LOAD CMakeFiles/dev_hid_composite.dir/C_/pico-sdk/src/common/pico_util/queue.c.obj
LOAD CMakeFiles/dev_hid_composite.dir/C_/pico-sdk/src/rp2_common/hardware_uart/uart.c.obj
LOAD CMakeFiles/dev_hid_composite.dir/C_/pico-sdk/src/rp2_common/hardware_clocks/clocks.c.obj
LOAD CMakeFiles/dev_hid_composite.dir/C_/pico-sdk/src/rp2_common/hardware_pll/pll.c.obj
LOAD CMakeFiles/dev_hid_composite.dir/C_/pico-sdk/src/rp2_common/hardware_vreg/vreg.c.obj
LOAD CMakeFiles/dev_hid_composite.dir/C_/pico-sdk/src/rp2_common/hardware_watchdog/watchdog.c.obj
LOAD CMakeFiles/dev_hid_composite.dir/C_/pico-sdk/src/rp2_common/hardware_ticks/ticks.c.obj
LOAD CMakeFiles/dev_hid_composite.dir/C_/pico-sdk/src/rp2_common/pico_bootrom/bootrom.c.obj
LOAD CMakeFiles/dev_hid_composite.dir/C_/pico-sdk/src/rp2_common/pico_bootrom/bootrom_lock.c.obj
LOAD CMakeFiles/dev_hid_composite.dir/C_/pico-sdk/src/rp2_common/hardware_boot_lock/boot_lock.c.obj
LOAD CMakeFiles/dev_hid_composite.dir/C_/pico-sdk/src/rp2_common/pico_flash/flash.c.obj
LOAD CMakeFiles/dev_hid_composite.dir/C_/pico-sdk/src/rp2_common/hardware_xosc/xosc.c.obj
LOAD CMakeFiles/dev_hid_composite.dir/C_/pico-sdk/src/rp2_common/hardware_divider/divider.S.obj
LOAD CMakeFiles/dev_hid_composite.dir/C_/pico-sdk/src/rp2_common/pico_runtime/runtime.c.obj
LOAD CMakeFiles/dev_hid_composite.dir/C_/pico-sdk/src/rp2_common/pico_runtime_init/runtime_init.c.obj
LOAD CMakeFiles/dev_hid_composite.dir/C_/pico-sdk/src/rp2_common/pico_runtime_init/runtime_init_clocks.c.obj
LOAD CMakeFiles/dev_hid_composite.dir/C_/pico-sdk/src/rp2_common/pico_runtime_init/runtime_init_stack_guard.c.obj
LOAD CMakeFiles/dev_hid_composite.dir/C_/pico-sdk/src/rp2_common/pico_bit_ops/bit_ops_aeabi.S.obj
LOAD CMakeFiles/dev_hid_composite.dir/C_/pico-sdk/src/rp2_common/pico_divider/divider_hardware.S.obj
LOAD CMakeFiles/dev_hid_composite.dir/C_/pico-sdk/src/rp2_common/pico_double/double_aeabi_rp2040.S.obj
LOAD CMakeFiles/dev_hid_composite.dir/C_/pico-sdk/src/rp2_common/pico_double/double_init_rom_rp2040.c.obj
LOAD CMakeFiles/dev_hid_composite.dir/C_/pico-sdk/src/rp2_common/pico_double/double_math.c.obj
LOAD CMakeFiles/dev_hid_composite.dir/C_/pico-sdk/src/rp2_common/pico_double/double_v1_rom_shim_rp2040.S.obj
LOAD CMakeFiles/dev_hid_composite.dir/C_/pico-sdk/src/rp2_common/pico_int64_ops/pico_int64_ops_aeabi.S.obj
LOAD CMakeFiles/dev_hid_composite.dir/C_/pico-sdk/src/rp2_common/pico_float/float_aeabi_rp2040.S.obj
LOAD CMakeFiles/dev_hid_composite.dir/C_/pico-sdk/src/rp2_common/pico_float/float_init_rom_rp2040.c.obj
LOAD CMakeFiles/dev_hid_composite.dir/C_/pico-sdk/src/rp2_common/pico_float/float_math.c.obj
LOAD CMakeFiles/dev_hid_composite.dir/C_/pico-sdk/src/rp2_common/pico_float/float_v1_rom_shim_rp2040.S.obj
LOAD CMakeFiles/dev_hid_composite.dir/C_/pico-sdk/src/rp2_common/pico_malloc/malloc.c.obj
LOAD CMakeFiles/dev_hid_composite.dir/C_/pico-sdk/src/rp2_common/pico_mem_ops/mem_ops_aeabi.S.obj
LOAD CMakeFiles/dev_hid_composite.dir/C_/pico-sdk/src/rp2_common/pico_atomic/atomic.c.obj
LOAD CMakeFiles/dev_hid_composite.dir/C_/pico-sdk/src/rp2_common/pico_cxx_options/new_delete.cpp.obj
LOAD CMakeFiles/dev_hid_composite.dir/C_/pico-sdk/src/rp2_common/pico_standard_binary_info/standard_binary_info.c.obj
LOAD CMakeFiles/dev_hid_composite.dir/C_/pico-sdk/src/rp2_common/pico_printf/printf.c.obj
LOAD CMakeFiles/dev_hid_composite.dir/C_/pico-sdk/src/rp2_common/pico_crt0/crt0.S.obj
LOAD CMakeFiles/dev_hid_composite.dir/C_/pico-sdk/src/rp2_common/pico_clib_interface/newlib_interface.c.obj
LOAD CMakeFiles/dev_hid_composite.dir/C_/pico-sdk/src/rp2_common/pico_stdio/stdio.c.obj
LOAD CMakeFiles/dev_hid_composite.dir/C_/pico-sdk/src/rp2_common/pico_stdio_uart/stdio_uart.c.obj
LOAD CMakeFiles/dev_hid_composite.dir/C_/pico-sdk/src/rp2_common/pico_unique_id/unique_id.c.obj
LOAD CMakeFiles/dev_hid_composite.dir/C_/pico-sdk/src/rp2_common/hardware_flash/flash.c.obj
LOAD CMakeFiles/dev_hid_composite.dir/C_/pico-sdk/src/rp2_common/hardware_xip_cache/xip_cache.c.obj
LOAD CMakeFiles/dev_hid_composite.dir/C_/pico-sdk/lib/tinyusb/src/portable/raspberrypi/rp2040/dcd_rp2040.c.obj
LOAD CMakeFiles/dev_hid_composite.dir/C_/pico-sdk/lib/tinyusb/src/portable/raspberrypi/rp2040/rp2040_usb.c.obj
LOAD CMakeFiles/dev_hid_composite.dir/C_/pico-sdk/lib/tinyusb/src/device/usbd.c.obj
LOAD CMakeFiles/dev_hid_composite.dir/C_/pico-sdk/lib/tinyusb/src/device/usbd_control.c.obj
LOAD CMakeFiles/dev_hid_composite.dir/C_/pico-sdk/lib/tinyusb/src/class/audio/audio_device.c.obj
LOAD CMakeFiles/dev_hid_composite.dir/C_/pico-sdk/lib/tinyusb/src/class/cdc/cdc_device.c.obj
LOAD CMakeFiles/dev_hid_composite.dir/C_/pico-sdk/lib/tinyusb/src/class/dfu/dfu_device.c.obj
LOAD CMakeFiles/dev_hid_composite.dir/C_/pico-sdk/lib/tinyusb/src/class/dfu/dfu_rt_device.c.obj
LOAD CMakeFiles/dev_hid_composite.dir/C_/pico-sdk/lib/tinyusb/src/class/hid/hid_device.c.obj
LOAD CMakeFiles/dev_hid_composite.dir/C_/pico-sdk/lib/tinyusb/src/class/midi/midi_device.c.obj
LOAD CMakeFiles/dev_hid_composite.dir/C_/pico-sdk/lib/tinyusb/src/class/msc/msc_device.c.obj
LOAD CMakeFiles/dev_hid_composite.dir/C_/pico-sdk/lib/tinyusb/src/class/net/ecm_rndis_device.c.obj
LOAD CMakeFiles/dev_hid_composite.dir/C_/pico-sdk/lib/tinyusb/src/class/net/ncm_device.c.obj
LOAD CMakeFiles/dev_hid_composite.dir/C_/pico-sdk/lib/tinyusb/src/class/usbtmc/usbtmc_device.c.obj
LOAD CMakeFiles/dev_hid_composite.dir/C_/pico-sdk/lib/tinyusb/src/class/vendor/vendor_device.c.obj
LOAD CMakeFiles/dev_hid_composite.dir/C_/pico-sdk/lib/tinyusb/src/class/video/video_device.c.obj
LOAD CMakeFiles/dev_hid_composite.dir/C_/pico-sdk/lib/tinyusb/src/tusb.c.obj
LOAD CMakeFiles/dev_hid_composite.dir/C_/pico-sdk/lib/tinyusb/src/common/tusb_fifo.c.obj
LOAD CMakeFiles/dev_hid_composite.dir/C_/pico-sdk/src/rp2_common/pico_fix/rp2040_usb_device_enumeration/rp2040_usb_device_enumeration.c.obj
LOAD CMakeFiles/dev_hid_composite.dir/C_/pico-sdk/lib/tinyusb/hw/bsp/rp2040/family.c.obj
LOAD pico-sdk/src/rp2040/boot_stage2/CMakeFiles/bs2_default_library.dir/./bs2_default_padded_checksummed.S.obj
LOAD c:/progra~2/gnuarm~1/102021~1.10/bin/../lib/gcc/arm-none-eabi/10.3.1/../../../../arm-none-eabi/lib/thumb/v6-m/nofp\libstdc++.a
LOAD c:/progra~2/gnuarm~1/102021~1.10/bin/../lib/gcc/arm-none-eabi/10.3.1/../../../../arm-none-eabi/lib/thumb/v6-m/nofp\libm.a
START GROUP
LOAD c:/progra~2/gnuarm~1/102021~1.10/bin/../lib/gcc/arm-none-eabi/10.3.1/thumb/v6-m/nofp\libgcc.a
LOAD c:/progra~2/gnuarm~1/102021~1.10/bin/../lib/gcc/arm-none-eabi/10.3.1/../../../../arm-none-eabi/lib/thumb/v6-m/nofp\libg.a
LOAD c:/progra~2/gnuarm~1/102021~1.10/bin/../lib/gcc/arm-none-eabi/10.3.1/../../../../arm-none-eabi/lib/thumb/v6-m/nofp\libc.a
END GROUP
START GROUP
LOAD c:/progra~2/gnuarm~1/102021~1.10/bin/../lib/gcc/arm-none-eabi/10.3.1/thumb/v6-m/nofp\libgcc.a
LOAD c:/progra~2/gnuarm~1/102021~1.10/bin/../lib/gcc/arm-none-eabi/10.3.1/../../../../arm-none-eabi/lib/thumb/v6-m/nofp\libc.a
LOAD c:/progra~2/gnuarm~1/102021~1.10/bin/../lib/gcc/arm-none-eabi/10.3.1/../../../../arm-none-eabi/lib/thumb/v6-m/nofp\libnosys.a
END GROUP
LOAD c:/progra~2/gnuarm~1/102021~1.10/bin/../lib/gcc/arm-none-eabi/10.3.1/thumb/v6-m/nofp/crtend.o
LOAD c:/progra~2/gnuarm~1/102021~1.10/bin/../lib/gcc/arm-none-eabi/10.3.1/thumb/v6-m/nofp/crtn.o
OUTPUT(dev_hid_composite.elf elf32-littlearm)
LOAD linker stubs

.ARM.attributes
                0x00000000       0x28
 .ARM.attributes
                0x00000000       0x1e c:/progra~2/gnuarm~1/102021~1.10/bin/../lib/gcc/arm-none-eabi/10.3.1/thumb/v6-m/nofp/crti.o
 .ARM.attributes
                0x0000001e       0x2c c:/progra~2/gnuarm~1/102021~1.10/bin/../lib/gcc/arm-none-eabi/10.3.1/thumb/v6-m/nofp/crtbegin.o
 .ARM.attributes
                0x0000004a       0x2c CMakeFiles/dev_hid_composite.dir/main.cpp.obj
 .ARM.attributes
                0x00000076       0x2c CMakeFiles/dev_hid_composite.dir/usb_descriptors.c.obj
 .ARM.attributes
                0x000000a2       0x2c CMakeFiles/dev_hid_composite.dir/C_/pico-sdk/src/rp2_common/hardware_gpio/gpio.c.obj
 .ARM.attributes
                0x000000ce       0x2c CMakeFiles/dev_hid_composite.dir/C_/pico-sdk/src/rp2040/pico_platform/platform.c.obj
 .ARM.attributes
                0x000000fa       0x2c CMakeFiles/dev_hid_composite.dir/C_/pico-sdk/src/rp2_common/pico_platform_panic/panic.c.obj
 .ARM.attributes
                0x00000126       0x2c CMakeFiles/dev_hid_composite.dir/C_/pico-sdk/src/common/hardware_claim/claim.c.obj
 .ARM.attributes
                0x00000152       0x2c CMakeFiles/dev_hid_composite.dir/C_/pico-sdk/src/rp2_common/hardware_sync/sync.c.obj
 .ARM.attributes
                0x0000017e       0x2c CMakeFiles/dev_hid_composite.dir/C_/pico-sdk/src/rp2_common/hardware_sync_spin_lock/sync_spin_lock.c.obj
 .ARM.attributes
                0x000001aa       0x2c CMakeFiles/dev_hid_composite.dir/C_/pico-sdk/src/rp2_common/hardware_irq/irq.c.obj
 .ARM.attributes
                0x000001d6       0x22 CMakeFiles/dev_hid_composite.dir/C_/pico-sdk/src/rp2_common/hardware_irq/irq_handler_chain.S.obj
 .ARM.attributes
                0x000001f8       0x2c CMakeFiles/dev_hid_composite.dir/C_/pico-sdk/src/common/pico_sync/lock_core.c.obj
 .ARM.attributes
                0x00000224       0x2c CMakeFiles/dev_hid_composite.dir/C_/pico-sdk/src/common/pico_sync/mutex.c.obj
 .ARM.attributes
                0x00000250       0x2c CMakeFiles/dev_hid_composite.dir/C_/pico-sdk/src/common/pico_sync/critical_section.c.obj
 .ARM.attributes
                0x0000027c       0x2c CMakeFiles/dev_hid_composite.dir/C_/pico-sdk/src/common/pico_time/time.c.obj
 .ARM.attributes
                0x000002a8       0x2c CMakeFiles/dev_hid_composite.dir/C_/pico-sdk/src/rp2_common/hardware_timer/timer.c.obj
 .ARM.attributes
                0x000002d4       0x2c CMakeFiles/dev_hid_composite.dir/C_/pico-sdk/src/rp2_common/hardware_uart/uart.c.obj
 .ARM.attributes
                0x00000300       0x2c CMakeFiles/dev_hid_composite.dir/C_/pico-sdk/src/rp2_common/hardware_clocks/clocks.c.obj
 .ARM.attributes
                0x0000032c       0x2c CMakeFiles/dev_hid_composite.dir/C_/pico-sdk/src/rp2_common/hardware_pll/pll.c.obj
 .ARM.attributes
                0x00000358       0x2c CMakeFiles/dev_hid_composite.dir/C_/pico-sdk/src/rp2_common/hardware_ticks/ticks.c.obj
 .ARM.attributes
                0x00000384       0x2c CMakeFiles/dev_hid_composite.dir/C_/pico-sdk/src/rp2_common/pico_bootrom/bootrom.c.obj
 .ARM.attributes
                0x000003b0       0x2c CMakeFiles/dev_hid_composite.dir/C_/pico-sdk/src/rp2_common/hardware_xosc/xosc.c.obj
 .ARM.attributes
                0x000003dc       0x2c CMakeFiles/dev_hid_composite.dir/C_/pico-sdk/src/rp2_common/pico_runtime/runtime.c.obj
 .ARM.attributes
                0x00000408       0x2c CMakeFiles/dev_hid_composite.dir/C_/pico-sdk/src/rp2_common/pico_runtime_init/runtime_init.c.obj
 .ARM.attributes
                0x00000434       0x2c CMakeFiles/dev_hid_composite.dir/C_/pico-sdk/src/rp2_common/pico_runtime_init/runtime_init_clocks.c.obj
 .ARM.attributes
                0x00000460       0x22 CMakeFiles/dev_hid_composite.dir/C_/pico-sdk/src/rp2_common/pico_bit_ops/bit_ops_aeabi.S.obj
 .ARM.attributes
                0x00000482       0x22 CMakeFiles/dev_hid_composite.dir/C_/pico-sdk/src/rp2_common/pico_divider/divider_hardware.S.obj
 .ARM.attributes
                0x000004a4       0x22 CMakeFiles/dev_hid_composite.dir/C_/pico-sdk/src/rp2_common/pico_double/double_aeabi_rp2040.S.obj
 .ARM.attributes
                0x000004c6       0x2c CMakeFiles/dev_hid_composite.dir/C_/pico-sdk/src/rp2_common/pico_double/double_init_rom_rp2040.c.obj
 .ARM.attributes
                0x000004f2       0x22 CMakeFiles/dev_hid_composite.dir/C_/pico-sdk/src/rp2_common/pico_double/double_v1_rom_shim_rp2040.S.obj
 .ARM.attributes
                0x00000514       0x22 CMakeFiles/dev_hid_composite.dir/C_/pico-sdk/src/rp2_common/pico_int64_ops/pico_int64_ops_aeabi.S.obj
 .ARM.attributes
                0x00000536       0x22 CMakeFiles/dev_hid_composite.dir/C_/pico-sdk/src/rp2_common/pico_float/float_aeabi_rp2040.S.obj
 .ARM.attributes
                0x00000558       0x2c CMakeFiles/dev_hid_composite.dir/C_/pico-sdk/src/rp2_common/pico_float/float_init_rom_rp2040.c.obj
 .ARM.attributes
                0x00000584       0x22 CMakeFiles/dev_hid_composite.dir/C_/pico-sdk/src/rp2_common/pico_float/float_v1_rom_shim_rp2040.S.obj
 .ARM.attributes
                0x000005a6       0x2c CMakeFiles/dev_hid_composite.dir/C_/pico-sdk/src/rp2_common/pico_malloc/malloc.c.obj
 .ARM.attributes
                0x000005d2       0x22 CMakeFiles/dev_hid_composite.dir/C_/pico-sdk/src/rp2_common/pico_mem_ops/mem_ops_aeabi.S.obj
 .ARM.attributes
                0x000005f4       0x2c CMakeFiles/dev_hid_composite.dir/C_/pico-sdk/src/rp2_common/pico_cxx_options/new_delete.cpp.obj
 .ARM.attributes
                0x00000620       0x2c CMakeFiles/dev_hid_composite.dir/C_/pico-sdk/src/rp2_common/pico_standard_binary_info/standard_binary_info.c.obj
 .ARM.attributes
                0x0000064c       0x2c CMakeFiles/dev_hid_composite.dir/C_/pico-sdk/src/rp2_common/pico_printf/printf.c.obj
 .ARM.attributes
                0x00000678       0x22 CMakeFiles/dev_hid_composite.dir/C_/pico-sdk/src/rp2_common/pico_crt0/crt0.S.obj
 .ARM.attributes
                0x0000069a       0x2c CMakeFiles/dev_hid_composite.dir/C_/pico-sdk/src/rp2_common/pico_clib_interface/newlib_interface.c.obj
 .ARM.attributes
                0x000006c6       0x2c CMakeFiles/dev_hid_composite.dir/C_/pico-sdk/src/rp2_common/pico_stdio/stdio.c.obj
 .ARM.attributes
                0x000006f2       0x2c CMakeFiles/dev_hid_composite.dir/C_/pico-sdk/src/rp2_common/pico_stdio_uart/stdio_uart.c.obj
 .ARM.attributes
                0x0000071e       0x2c CMakeFiles/dev_hid_composite.dir/C_/pico-sdk/src/rp2_common/pico_unique_id/unique_id.c.obj
 .ARM.attributes
                0x0000074a       0x2c CMakeFiles/dev_hid_composite.dir/C_/pico-sdk/src/rp2_common/hardware_flash/flash.c.obj
 .ARM.attributes
                0x00000776       0x2c CMakeFiles/dev_hid_composite.dir/C_/pico-sdk/lib/tinyusb/src/portable/raspberrypi/rp2040/dcd_rp2040.c.obj
 .ARM.attributes
                0x000007a2       0x2c CMakeFiles/dev_hid_composite.dir/C_/pico-sdk/lib/tinyusb/src/portable/raspberrypi/rp2040/rp2040_usb.c.obj
 .ARM.attributes
                0x000007ce       0x2c CMakeFiles/dev_hid_composite.dir/C_/pico-sdk/lib/tinyusb/src/device/usbd.c.obj
 .ARM.attributes
                0x000007fa       0x2c CMakeFiles/dev_hid_composite.dir/C_/pico-sdk/lib/tinyusb/src/device/usbd_control.c.obj
 .ARM.attributes
                0x00000826       0x2c CMakeFiles/dev_hid_composite.dir/C_/pico-sdk/lib/tinyusb/src/class/hid/hid_device.c.obj
 .ARM.attributes
                0x00000852       0x2c CMakeFiles/dev_hid_composite.dir/C_/pico-sdk/lib/tinyusb/src/tusb.c.obj
 .ARM.attributes
                0x0000087e       0x2c CMakeFiles/dev_hid_composite.dir/C_/pico-sdk/lib/tinyusb/src/common/tusb_fifo.c.obj
 .ARM.attributes
                0x000008aa       0x2c CMakeFiles/dev_hid_composite.dir/C_/pico-sdk/lib/tinyusb/hw/bsp/rp2040/family.c.obj
 .ARM.attributes
                0x000008d6       0x22 pico-sdk/src/rp2040/boot_stage2/CMakeFiles/bs2_default_library.dir/./bs2_default_padded_checksummed.S.obj
 .ARM.attributes
                0x000008f8       0x1e c:/progra~2/gnuarm~1/102021~1.10/bin/../lib/gcc/arm-none-eabi/10.3.1/thumb/v6-m/nofp\libgcc.a(_dvmd_tls.o)
 .ARM.attributes
                0x00000916       0x2c c:/progra~2/gnuarm~1/102021~1.10/bin/../lib/gcc/arm-none-eabi/10.3.1/../../../../arm-none-eabi/lib/thumb/v6-m/nofp\libg.a(lib_a-impure.o)
 .ARM.attributes
                0x00000942       0x2c c:/progra~2/gnuarm~1/102021~1.10/bin/../lib/gcc/arm-none-eabi/10.3.1/../../../../arm-none-eabi/lib/thumb/v6-m/nofp\libg.a(lib_a-malloc.o)
 .ARM.attributes
                0x0000096e       0x2c c:/progra~2/gnuarm~1/102021~1.10/bin/../lib/gcc/arm-none-eabi/10.3.1/../../../../arm-none-eabi/lib/thumb/v6-m/nofp\libg.a(lib_a-mallocr.o)
 .ARM.attributes
                0x0000099a       0x2c c:/progra~2/gnuarm~1/102021~1.10/bin/../lib/gcc/arm-none-eabi/10.3.1/../../../../arm-none-eabi/lib/thumb/v6-m/nofp\libg.a(lib_a-mlock.o)
 .ARM.attributes
                0x000009c6       0x2c c:/progra~2/gnuarm~1/102021~1.10/bin/../lib/gcc/arm-none-eabi/10.3.1/../../../../arm-none-eabi/lib/thumb/v6-m/nofp\libg.a(lib_a-sbrkr.o)
 .ARM.attributes
                0x000009f2       0x2c c:/progra~2/gnuarm~1/102021~1.10/bin/../lib/gcc/arm-none-eabi/10.3.1/../../../../arm-none-eabi/lib/thumb/v6-m/nofp\libg.a(lib_a-strlen-stub.o)
 .ARM.attributes
                0x00000a1e       0x2c c:/progra~2/gnuarm~1/102021~1.10/bin/../lib/gcc/arm-none-eabi/10.3.1/../../../../arm-none-eabi/lib/thumb/v6-m/nofp\libg.a(lib_a-freer.o)
 .ARM.attributes
                0x00000a4a       0x2c c:/progra~2/gnuarm~1/102021~1.10/bin/../lib/gcc/arm-none-eabi/10.3.1/../../../../arm-none-eabi/lib/thumb/v6-m/nofp\libg.a(lib_a-lock.o)
 .ARM.attributes
                0x00000a76       0x2c c:/progra~2/gnuarm~1/102021~1.10/bin/../lib/gcc/arm-none-eabi/10.3.1/../../../../arm-none-eabi/lib/thumb/v6-m/nofp\libg.a(lib_a-reent.o)

.comment        0x00000000       0x49
 .comment       0x00000000       0x49 CMakeFiles/dev_hid_composite.dir/main.cpp.obj
                                 0x4a (size before relaxing)
 .comment       0x00000049       0x4a CMakeFiles/dev_hid_composite.dir/usb_descriptors.c.obj
 .comment       0x00000049       0x4a CMakeFiles/dev_hid_composite.dir/C_/pico-sdk/src/rp2_common/hardware_gpio/gpio.c.obj
 .comment       0x00000049       0x4a CMakeFiles/dev_hid_composite.dir/C_/pico-sdk/src/rp2040/pico_platform/platform.c.obj
 .comment       0x00000049       0x4a CMakeFiles/dev_hid_composite.dir/C_/pico-sdk/src/rp2_common/pico_platform_panic/panic.c.obj
 .comment       0x00000049       0x4a CMakeFiles/dev_hid_composite.dir/C_/pico-sdk/src/common/hardware_claim/claim.c.obj